747.309794,748.309794,Ästhetisierung,Blau,Himmerl,50,50,42647.192553852154
747.309794,748.309794,Kognitive Dissonanz,Grün,Himmerl,50,50,42647.192553852154
982.005838,983.005838,Kognitive Dissonanz,Video,Himmerl,50,50,42647.192553852154
181.368476,182.368476,Euphorie,Freizeit auf demWall,Zeigt Leichtigkeit und Freude, friedliches Miteinander,50,50,32005
399.639818,400.639818,Euphorie,Freizeit auf demWall,Zeigt Leichtigkeit und Freude, friedliches Miteinander,50,50,32005
413.087883,414.087883,Euphorie,Kinder im Garten,Kinder wirken glücklich, werden gut verpflegt, könnenspielen,50,50,32005
27.957784,28.957784,Ästhetisierung,Abendkonzert,Alle sind sehr gut gekleidet.,50,50,88616
583.349375,584.349375,Euphorie,Euphorisches Klatschen bei Brunibar,Absolute Zustimmung zur Oper, Teilnahme und Zuspruch zum kulturellen Ereignis,50,50,32005
90.834514,91.834514,Ästhetisierung,Abendkonzert,Alle sind sehr gut gekleidet.,50,50,88616
1012.578263,1013.578263,Euphorie,Fussballspiel,Teamgeist, Anfeuern,Mitfiebern, Alltag vergessen, Bewegen....,50,50,32005
90.834514,91.834514,Ästhetisierung,Cafe,So was gab es sicher nicht. Alle sind entspannt.,50,50,88616
93.595755,94.595755,Euphorie,Cafeszene,Lusxus, in einem Cafe mit Sonnenschirmen zu sitzen und Kaffee zu trinken, gewisse Euphorie auf den Gesichtern,50,50,52812
169.709719,170.709719,Euphorie,Cafeszene,Lusxus, in einem Cafe mit Sonnenschirmen zu sitzen und Kaffee zu trinken, gewisse Euphorie auf den Gesichtern,50,50,52812
169.709719,170.709719,Euphorie,Sonntagsspaziergang auf dem Festungshügel,euphorisches Gefühl der Freiheit, der Sonne, der Ruhe, der Natur, der Entspanntheit,50,50,52812
1385.926975,1386.926975,Euphorie,Gemüsegarten,Illusion, dass jeder in seinem Garten Zeit verbringt und sich entspannt,50,50,32005
1452.844406,1453.844406,Euphorie,Feierabend vor den zu Hause,Alle verstehen sich, keineKonflikte,Idylle,50,50,32005
187.865488,188.865488,Euphorie,Sport im Park,Gücksgefühl der Bewegung in Freiheit, Körpermomente,50,50,52812
138.907456,139.907456,Ästhetisierung,Jugendgruppe,Was machen die da? Arbeitspausen? In der Kleidung?,50,50,88616
368.708571,369.708571,Euphorie,im Krankenhaus,Blick nach draußen, Sonne wärmt und bringt Genesung,50,50,52812
150.481952,151.481952,Ästhetisierung,Maler,Überhöht.,50,50,88616
159.553444,160.553444,Ästhetisierung,Landschaft,Erholung mit Blick in schöne Landschaft.,50,50,88616
215.020751,216.020751,Ästhetisierung,Sport,Hübsche junge Frauen mit Freude beim Sport.,50,50,88616
418.587612,419.587612,Euphorie,Butterbrotszene,Glück des Hungerstillens in angenehmer  Garten- Umgebung und Gemeinschaft,50,50,52812
462.594949,463.594949,Euphorie,Sandkastenszene,euphorisches Springen in den Sandkasten,50,50,52812
72.645985,73.645985,Ästhetisierung,Erklären des historischen Ortes,Bildeinstellung Mann und Frau zeigt, wie schön es hierist,50,50,67154
397.781963,398.781963,Ästhetisierung,Krankenbetten,Wie auf Kur.,50,50,88616
210.906616,211.906616,Ästhetisierung,Sport,Bewegung ,50,50,67154
955.54478,956.54478,Euphorie,Fußballszene,Gemeinschaft, euphorisches Mitgehen des Publikums,50,50,52812
634.424415,635.424415,Ästhetisierung,Schmied,Kraftvolle Männer schmieden rhythmisch das Eisen,50,50,67154
569.503597,570.503597,Dekontextualisierung,sdsd,sdsd,50,50,59333
728.400448,729.400448,Normaler Mensch,Mein Titel,,50,50,6132
0,1,,Test,Bam,50,50,57582
