This is pdfTeX, Version 3.14159265-2.6-1.40.16 (TeX Live 2015/Debian) (preloaded format=pdflatex 2019.11.27)  30 NOV 2020 23:12
entering extended mode
 restricted \write18 enabled.
 %&-line parsing enabled.
**Kurzbiographien.tex
(./Kurzbiographien.tex
LaTeX2e <2016/02/01>
Babel <3.9q> and hyphenation patterns for 81 language(s) loaded.
(/usr/share/texlive/texmf-dist/tex/latex/base/article.cls
Document Class: article 2014/09/29 v1.4h Standard LaTeX document class
(/usr/share/texlive/texmf-dist/tex/latex/base/size10.clo
File: size10.clo 2014/09/29 v1.4h Standard LaTeX file (size option)
)
\c@part=\count79
\c@section=\count80
\c@subsection=\count81
\c@subsubsection=\count82
\c@paragraph=\count83
\c@subparagraph=\count84
\c@figure=\count85
\c@table=\count86
\abovecaptionskip=\skip41
\belowcaptionskip=\skip42
\bibindent=\dimen102
)
(/usr/share/texlive/texmf-dist/tex/latex/base/inputenc.sty
Package: inputenc 2015/03/17 v1.2c Input encoding file
\inpenc@prehook=\toks14
\inpenc@posthook=\toks15

(/usr/share/texlive/texmf-dist/tex/latex/base/utf8.def
File: utf8.def 2015/12/03 v1.1r UTF-8 support for inputenc
Now handling font encoding OML ...
... no UTF-8 mapping file for font encoding OML
Now handling font encoding T1 ...
... processing UTF-8 mapping file for font encoding T1

(/usr/share/texlive/texmf-dist/tex/latex/base/t1enc.dfu
File: t1enc.dfu 2015/12/03 v1.1r UTF-8 support for inputenc
   defining Unicode char U+00A0 (decimal 160)
   defining Unicode char U+00A1 (decimal 161)
   defining Unicode char U+00A3 (decimal 163)
   defining Unicode char U+00AB (decimal 171)
   defining Unicode char U+00AD (decimal 173)
   defining Unicode char U+00BB (decimal 187)
   defining Unicode char U+00BF (decimal 191)
   defining Unicode char U+00C0 (decimal 192)
   defining Unicode char U+00C1 (decimal 193)
   defining Unicode char U+00C2 (decimal 194)
   defining Unicode char U+00C3 (decimal 195)
   defining Unicode char U+00C4 (decimal 196)
   defining Unicode char U+00C5 (decimal 197)
   defining Unicode char U+00C6 (decimal 198)
   defining Unicode char U+00C7 (decimal 199)
   defining Unicode char U+00C8 (decimal 200)
   defining Unicode char U+00C9 (decimal 201)
   defining Unicode char U+00CA (decimal 202)
   defining Unicode char U+00CB (decimal 203)
   defining Unicode char U+00CC (decimal 204)
   defining Unicode char U+00CD (decimal 205)
   defining Unicode char U+00CE (decimal 206)
   defining Unicode char U+00CF (decimal 207)
   defining Unicode char U+00D0 (decimal 208)
   defining Unicode char U+00D1 (decimal 209)
   defining Unicode char U+00D2 (decimal 210)
   defining Unicode char U+00D3 (decimal 211)
   defining Unicode char U+00D4 (decimal 212)
   defining Unicode char U+00D5 (decimal 213)
   defining Unicode char U+00D6 (decimal 214)
   defining Unicode char U+00D8 (decimal 216)
   defining Unicode char U+00D9 (decimal 217)
   defining Unicode char U+00DA (decimal 218)
   defining Unicode char U+00DB (decimal 219)
   defining Unicode char U+00DC (decimal 220)
   defining Unicode char U+00DD (decimal 221)
   defining Unicode char U+00DE (decimal 222)
   defining Unicode char U+00DF (decimal 223)
   defining Unicode char U+00E0 (decimal 224)
   defining Unicode char U+00E1 (decimal 225)
   defining Unicode char U+00E2 (decimal 226)
   defining Unicode char U+00E3 (decimal 227)
   defining Unicode char U+00E4 (decimal 228)
   defining Unicode char U+00E5 (decimal 229)
   defining Unicode char U+00E6 (decimal 230)
   defining Unicode char U+00E7 (decimal 231)
   defining Unicode char U+00E8 (decimal 232)
   defining Unicode char U+00E9 (decimal 233)
   defining Unicode char U+00EA (decimal 234)
   defining Unicode char U+00EB (decimal 235)
   defining Unicode char U+00EC (decimal 236)
   defining Unicode char U+00ED (decimal 237)
   defining Unicode char U+00EE (decimal 238)
   defining Unicode char U+00EF (decimal 239)
   defining Unicode char U+00F0 (decimal 240)
   defining Unicode char U+00F1 (decimal 241)
   defining Unicode char U+00F2 (decimal 242)
   defining Unicode char U+00F3 (decimal 243)
   defining Unicode char U+00F4 (decimal 244)
   defining Unicode char U+00F5 (decimal 245)
   defining Unicode char U+00F6 (decimal 246)
   defining Unicode char U+00F8 (decimal 248)
   defining Unicode char U+00F9 (decimal 249)
   defining Unicode char U+00FA (decimal 250)
   defining Unicode char U+00FB (decimal 251)
   defining Unicode char U+00FC (decimal 252)
   defining Unicode char U+00FD (decimal 253)
   defining Unicode char U+00FE (decimal 254)
   defining Unicode char U+00FF (decimal 255)
   defining Unicode char U+0100 (decimal 256)
   defining Unicode char U+0101 (decimal 257)
   defining Unicode char U+0102 (decimal 258)
   defining Unicode char U+0103 (decimal 259)
   defining Unicode char U+0104 (decimal 260)
   defining Unicode char U+0105 (decimal 261)
   defining Unicode char U+0106 (decimal 262)
   defining Unicode char U+0107 (decimal 263)
   defining Unicode char U+0108 (decimal 264)
   defining Unicode char U+0109 (decimal 265)
   defining Unicode char U+010A (decimal 266)
   defining Unicode char U+010B (decimal 267)
   defining Unicode char U+010C (decimal 268)
   defining Unicode char U+010D (decimal 269)
   defining Unicode char U+010E (decimal 270)
   defining Unicode char U+010F (decimal 271)
   defining Unicode char U+0110 (decimal 272)
   defining Unicode char U+0111 (decimal 273)
   defining Unicode char U+0112 (decimal 274)
   defining Unicode char U+0113 (decimal 275)
   defining Unicode char U+0114 (decimal 276)
   defining Unicode char U+0115 (decimal 277)
   defining Unicode char U+0116 (decimal 278)
   defining Unicode char U+0117 (decimal 279)
   defining Unicode char U+0118 (decimal 280)
   defining Unicode char U+0119 (decimal 281)
   defining Unicode char U+011A (decimal 282)
   defining Unicode char U+011B (decimal 283)
   defining Unicode char U+011C (decimal 284)
   defining Unicode char U+011D (decimal 285)
   defining Unicode char U+011E (decimal 286)
   defining Unicode char U+011F (decimal 287)
   defining Unicode char U+0120 (decimal 288)
   defining Unicode char U+0121 (decimal 289)
   defining Unicode char U+0122 (decimal 290)
   defining Unicode char U+0123 (decimal 291)
   defining Unicode char U+0124 (decimal 292)
   defining Unicode char U+0125 (decimal 293)
   defining Unicode char U+0128 (decimal 296)
   defining Unicode char U+0129 (decimal 297)
   defining Unicode char U+012A (decimal 298)
   defining Unicode char U+012B (decimal 299)
   defining Unicode char U+012C (decimal 300)
   defining Unicode char U+012D (decimal 301)
   defining Unicode char U+012E (decimal 302)
   defining Unicode char U+012F (decimal 303)
   defining Unicode char U+0130 (decimal 304)
   defining Unicode char U+0131 (decimal 305)
   defining Unicode char U+0132 (decimal 306)
   defining Unicode char U+0133 (decimal 307)
   defining Unicode char U+0134 (decimal 308)
   defining Unicode char U+0135 (decimal 309)
   defining Unicode char U+0136 (decimal 310)
   defining Unicode char U+0137 (decimal 311)
   defining Unicode char U+0139 (decimal 313)
   defining Unicode char U+013A (decimal 314)
   defining Unicode char U+013B (decimal 315)
   defining Unicode char U+013C (decimal 316)
   defining Unicode char U+013D (decimal 317)
   defining Unicode char U+013E (decimal 318)
   defining Unicode char U+0141 (decimal 321)
   defining Unicode char U+0142 (decimal 322)
   defining Unicode char U+0143 (decimal 323)
   defining Unicode char U+0144 (decimal 324)
   defining Unicode char U+0145 (decimal 325)
   defining Unicode char U+0146 (decimal 326)
   defining Unicode char U+0147 (decimal 327)
   defining Unicode char U+0148 (decimal 328)
   defining Unicode char U+014A (decimal 330)
   defining Unicode char U+014B (decimal 331)
   defining Unicode char U+014C (decimal 332)
   defining Unicode char U+014D (decimal 333)
   defining Unicode char U+014E (decimal 334)
   defining Unicode char U+014F (decimal 335)
   defining Unicode char U+0150 (decimal 336)
   defining Unicode char U+0151 (decimal 337)
   defining Unicode char U+0152 (decimal 338)
   defining Unicode char U+0153 (decimal 339)
   defining Unicode char U+0154 (decimal 340)
   defining Unicode char U+0155 (decimal 341)
   defining Unicode char U+0156 (decimal 342)
   defining Unicode char U+0157 (decimal 343)
   defining Unicode char U+0158 (decimal 344)
   defining Unicode char U+0159 (decimal 345)
   defining Unicode char U+015A (decimal 346)
   defining Unicode char U+015B (decimal 347)
   defining Unicode char U+015C (decimal 348)
   defining Unicode char U+015D (decimal 349)
   defining Unicode char U+015E (decimal 350)
   defining Unicode char U+015F (decimal 351)
   defining Unicode char U+0160 (decimal 352)
   defining Unicode char U+0161 (decimal 353)
   defining Unicode char U+0162 (decimal 354)
   defining Unicode char U+0163 (decimal 355)
   defining Unicode char U+0164 (decimal 356)
   defining Unicode char U+0165 (decimal 357)
   defining Unicode char U+0168 (decimal 360)
   defining Unicode char U+0169 (decimal 361)
   defining Unicode char U+016A (decimal 362)
   defining Unicode char U+016B (decimal 363)
   defining Unicode char U+016C (decimal 364)
   defining Unicode char U+016D (decimal 365)
   defining Unicode char U+016E (decimal 366)
   defining Unicode char U+016F (decimal 367)
   defining Unicode char U+0170 (decimal 368)
   defining Unicode char U+0171 (decimal 369)
   defining Unicode char U+0172 (decimal 370)
   defining Unicode char U+0173 (decimal 371)
   defining Unicode char U+0174 (decimal 372)
   defining Unicode char U+0175 (decimal 373)
   defining Unicode char U+0176 (decimal 374)
   defining Unicode char U+0177 (decimal 375)
   defining Unicode char U+0178 (decimal 376)
   defining Unicode char U+0179 (decimal 377)
   defining Unicode char U+017A (decimal 378)
   defining Unicode char U+017B (decimal 379)
   defining Unicode char U+017C (decimal 380)
   defining Unicode char U+017D (decimal 381)
   defining Unicode char U+017E (decimal 382)
   defining Unicode char U+01CD (decimal 461)
   defining Unicode char U+01CE (decimal 462)
   defining Unicode char U+01CF (decimal 463)
   defining Unicode char U+01D0 (decimal 464)
   defining Unicode char U+01D1 (decimal 465)
   defining Unicode char U+01D2 (decimal 466)
   defining Unicode char U+01D3 (decimal 467)
   defining Unicode char U+01D4 (decimal 468)
   defining Unicode char U+01E2 (decimal 482)
   defining Unicode char U+01E3 (decimal 483)
   defining Unicode char U+01E6 (decimal 486)
   defining Unicode char U+01E7 (decimal 487)
   defining Unicode char U+01E8 (decimal 488)
   defining Unicode char U+01E9 (decimal 489)
   defining Unicode char U+01EA (decimal 490)
   defining Unicode char U+01EB (decimal 491)
   defining Unicode char U+01F0 (decimal 496)
   defining Unicode char U+01F4 (decimal 500)
   defining Unicode char U+01F5 (decimal 501)
   defining Unicode char U+0218 (decimal 536)
   defining Unicode char U+0219 (decimal 537)
   defining Unicode char U+021A (decimal 538)
   defining Unicode char U+021B (decimal 539)
   defining Unicode char U+01E02 (decimal 7682)
   defining Unicode char U+01E03 (decimal 7683)
   defining Unicode char U+200C (decimal 8204)
   defining Unicode char U+2013 (decimal 8211)
   defining Unicode char U+2014 (decimal 8212)
   defining Unicode char U+2018 (decimal 8216)
   defining Unicode char U+2019 (decimal 8217)
   defining Unicode char U+201A (decimal 8218)
   defining Unicode char U+201C (decimal 8220)
   defining Unicode char U+201D (decimal 8221)
   defining Unicode char U+201E (decimal 8222)
   defining Unicode char U+2030 (decimal 8240)
   defining Unicode char U+2031 (decimal 8241)
   defining Unicode char U+2039 (decimal 8249)
   defining Unicode char U+203A (decimal 8250)
   defining Unicode char U+2423 (decimal 9251)
)
Now handling font encoding OT1 ...
... processing UTF-8 mapping file for font encoding OT1

(/usr/share/texlive/texmf-dist/tex/latex/base/ot1enc.dfu
File: ot1enc.dfu 2015/12/03 v1.1r UTF-8 support for inputenc
   defining Unicode char U+00A0 (decimal 160)
   defining Unicode char U+00A1 (decimal 161)
   defining Unicode char U+00A3 (decimal 163)
   defining Unicode char U+00AD (decimal 173)
   defining Unicode char U+00B8 (decimal 184)
   defining Unicode char U+00BF (decimal 191)
   defining Unicode char U+00C5 (decimal 197)
   defining Unicode char U+00C6 (decimal 198)
   defining Unicode char U+00D8 (decimal 216)
   defining Unicode char U+00DF (decimal 223)
   defining Unicode char U+00E6 (decimal 230)
   defining Unicode char U+00EC (decimal 236)
   defining Unicode char U+00ED (decimal 237)
   defining Unicode char U+00EE (decimal 238)
   defining Unicode char U+00EF (decimal 239)
   defining Unicode char U+00F8 (decimal 248)
   defining Unicode char U+0131 (decimal 305)
   defining Unicode char U+0141 (decimal 321)
   defining Unicode char U+0142 (decimal 322)
   defining Unicode char U+0152 (decimal 338)
   defining Unicode char U+0153 (decimal 339)
   defining Unicode char U+0174 (decimal 372)
   defining Unicode char U+0175 (decimal 373)
   defining Unicode char U+0176 (decimal 374)
   defining Unicode char U+0177 (decimal 375)
   defining Unicode char U+0218 (decimal 536)
   defining Unicode char U+0219 (decimal 537)
   defining Unicode char U+021A (decimal 538)
   defining Unicode char U+021B (decimal 539)
   defining Unicode char U+2013 (decimal 8211)
   defining Unicode char U+2014 (decimal 8212)
   defining Unicode char U+2018 (decimal 8216)
   defining Unicode char U+2019 (decimal 8217)
   defining Unicode char U+201C (decimal 8220)
   defining Unicode char U+201D (decimal 8221)
)
Now handling font encoding OMS ...
... processing UTF-8 mapping file for font encoding OMS

(/usr/share/texlive/texmf-dist/tex/latex/base/omsenc.dfu
File: omsenc.dfu 2015/12/03 v1.1r UTF-8 support for inputenc
   defining Unicode char U+00A7 (decimal 167)
   defining Unicode char U+00B6 (decimal 182)
   defining Unicode char U+00B7 (decimal 183)
   defining Unicode char U+2020 (decimal 8224)
   defining Unicode char U+2021 (decimal 8225)
   defining Unicode char U+2022 (decimal 8226)
)
Now handling font encoding OMX ...
... no UTF-8 mapping file for font encoding OMX
Now handling font encoding U ...
... no UTF-8 mapping file for font encoding U
   defining Unicode char U+00A9 (decimal 169)
   defining Unicode char U+00AA (decimal 170)
   defining Unicode char U+00AE (decimal 174)
   defining Unicode char U+00BA (decimal 186)
   defining Unicode char U+02C6 (decimal 710)
   defining Unicode char U+02DC (decimal 732)
   defining Unicode char U+200C (decimal 8204)
   defining Unicode char U+2026 (decimal 8230)
   defining Unicode char U+2122 (decimal 8482)
   defining Unicode char U+2423 (decimal 9251)
))
(/usr/share/texlive/texmf-dist/tex/latex/amsmath/amsmath.sty
Package: amsmath 2016/03/03 v2.15a AMS math features
\@mathmargin=\skip43

For additional information on amsmath, use the `?' option.
(/usr/share/texlive/texmf-dist/tex/latex/amsmath/amstext.sty
Package: amstext 2000/06/29 v2.01 AMS text

(/usr/share/texlive/texmf-dist/tex/latex/amsmath/amsgen.sty
File: amsgen.sty 1999/11/30 v2.0 generic functions
\@emptytoks=\toks16
\ex@=\dimen103
))
(/usr/share/texlive/texmf-dist/tex/latex/amsmath/amsbsy.sty
Package: amsbsy 1999/11/29 v1.2d Bold Symbols
\pmbraise@=\dimen104
)
(/usr/share/texlive/texmf-dist/tex/latex/amsmath/amsopn.sty
Package: amsopn 1999/12/14 v2.01 operator names
)
\inf@bad=\count87
LaTeX Info: Redefining \frac on input line 199.
\uproot@=\count88
\leftroot@=\count89
LaTeX Info: Redefining \overline on input line 297.
\classnum@=\count90
\DOTSCASE@=\count91
LaTeX Info: Redefining \ldots on input line 394.
LaTeX Info: Redefining \dots on input line 397.
LaTeX Info: Redefining \cdots on input line 518.
\Mathstrutbox@=\box26
\strutbox@=\box27
\big@size=\dimen105
LaTeX Font Info:    Redeclaring font encoding OML on input line 630.
LaTeX Font Info:    Redeclaring font encoding OMS on input line 631.
\macc@depth=\count92
\c@MaxMatrixCols=\count93
\dotsspace@=\muskip10
\c@parentequation=\count94
\dspbrk@lvl=\count95
\tag@help=\toks17
\row@=\count96
\column@=\count97
\maxfields@=\count98
\andhelp@=\toks18
\eqnshift@=\dimen106
\alignsep@=\dimen107
\tagshift@=\dimen108
\tagwidth@=\dimen109
\totwidth@=\dimen110
\lineht@=\dimen111
\@envbody=\toks19
\multlinegap=\skip44
\multlinetaggap=\skip45
\mathdisplay@stack=\toks20
LaTeX Info: Redefining \[ on input line 2735.
LaTeX Info: Redefining \] on input line 2736.
)
(/usr/share/texlive/texmf-dist/tex/latex/amsfonts/amssymb.sty
Package: amssymb 2013/01/14 v3.01 AMS font symbols

(/usr/share/texlive/texmf-dist/tex/latex/amsfonts/amsfonts.sty
Package: amsfonts 2013/01/14 v3.01 Basic AMSFonts support
\symAMSa=\mathgroup4
\symAMSb=\mathgroup5
LaTeX Font Info:    Overwriting math alphabet `\mathfrak' in version `bold'
(Font)                  U/euf/m/n --> U/euf/b/n on input line 106.
))
(/usr/share/texlive/texmf-dist/tex/latex/base/textcomp.sty
Package: textcomp 2005/09/27 v1.99g Standard LaTeX package
Package textcomp Info: Sub-encoding information:
(textcomp)               5 = only ISO-Adobe without \textcurrency
(textcomp)               4 = 5 + \texteuro
(textcomp)               3 = 4 + \textohm
(textcomp)               2 = 3 + \textestimated + \textcurrency
(textcomp)               1 = TS1 - \textcircled - \t
(textcomp)               0 = TS1 (full)
(textcomp)             Font families with sub-encoding setting implement
(textcomp)             only a restricted character set as indicated.
(textcomp)             Family '?' is the default used for unknown fonts.
(textcomp)             See the documentation for details.
Package textcomp Info: Setting ? sub-encoding to TS1/1 on input line 79.

(/usr/share/texlive/texmf-dist/tex/latex/base/ts1enc.def
File: ts1enc.def 2001/06/05 v3.0e (jk/car/fm) Standard LaTeX file
Now handling font encoding TS1 ...
... processing UTF-8 mapping file for font encoding TS1

(/usr/share/texlive/texmf-dist/tex/latex/base/ts1enc.dfu
File: ts1enc.dfu 2015/12/03 v1.1r UTF-8 support for inputenc
   defining Unicode char U+00A2 (decimal 162)
   defining Unicode char U+00A3 (decimal 163)
   defining Unicode char U+00A4 (decimal 164)
   defining Unicode char U+00A5 (decimal 165)
   defining Unicode char U+00A6 (decimal 166)
   defining Unicode char U+00A7 (decimal 167)
   defining Unicode char U+00A8 (decimal 168)
   defining Unicode char U+00A9 (decimal 169)
   defining Unicode char U+00AA (decimal 170)
   defining Unicode char U+00AC (decimal 172)
   defining Unicode char U+00AE (decimal 174)
   defining Unicode char U+00AF (decimal 175)
   defining Unicode char U+00B0 (decimal 176)
   defining Unicode char U+00B1 (decimal 177)
   defining Unicode char U+00B2 (decimal 178)
   defining Unicode char U+00B3 (decimal 179)
   defining Unicode char U+00B4 (decimal 180)
   defining Unicode char U+00B5 (decimal 181)
   defining Unicode char U+00B6 (decimal 182)
   defining Unicode char U+00B7 (decimal 183)
   defining Unicode char U+00B9 (decimal 185)
   defining Unicode char U+00BA (decimal 186)
   defining Unicode char U+00BC (decimal 188)
   defining Unicode char U+00BD (decimal 189)
   defining Unicode char U+00BE (decimal 190)
   defining Unicode char U+00D7 (decimal 215)
   defining Unicode char U+00F7 (decimal 247)
   defining Unicode char U+0192 (decimal 402)
   defining Unicode char U+02C7 (decimal 711)
   defining Unicode char U+02D8 (decimal 728)
   defining Unicode char U+02DD (decimal 733)
   defining Unicode char U+0E3F (decimal 3647)
   defining Unicode char U+2016 (decimal 8214)
   defining Unicode char U+2020 (decimal 8224)
   defining Unicode char U+2021 (decimal 8225)
   defining Unicode char U+2022 (decimal 8226)
   defining Unicode char U+2030 (decimal 8240)
   defining Unicode char U+2031 (decimal 8241)
   defining Unicode char U+203B (decimal 8251)
   defining Unicode char U+203D (decimal 8253)
   defining Unicode char U+2044 (decimal 8260)
   defining Unicode char U+204E (decimal 8270)
   defining Unicode char U+2052 (decimal 8274)
   defining Unicode char U+20A1 (decimal 8353)
   defining Unicode char U+20A4 (decimal 8356)
   defining Unicode char U+20A6 (decimal 8358)
   defining Unicode char U+20A9 (decimal 8361)
   defining Unicode char U+20AB (decimal 8363)
   defining Unicode char U+20AC (decimal 8364)
   defining Unicode char U+20B1 (decimal 8369)
   defining Unicode char U+2103 (decimal 8451)
   defining Unicode char U+2116 (decimal 8470)
   defining Unicode char U+2117 (decimal 8471)
   defining Unicode char U+211E (decimal 8478)
   defining Unicode char U+2120 (decimal 8480)
   defining Unicode char U+2122 (decimal 8482)
   defining Unicode char U+2126 (decimal 8486)
   defining Unicode char U+2127 (decimal 8487)
   defining Unicode char U+212E (decimal 8494)
   defining Unicode char U+2190 (decimal 8592)
   defining Unicode char U+2191 (decimal 8593)
   defining Unicode char U+2192 (decimal 8594)
   defining Unicode char U+2193 (decimal 8595)
   defining Unicode char U+2329 (decimal 9001)
   defining Unicode char U+232A (decimal 9002)
   defining Unicode char U+2422 (decimal 9250)
   defining Unicode char U+25E6 (decimal 9702)
   defining Unicode char U+25EF (decimal 9711)
   defining Unicode char U+266A (decimal 9834)
))
LaTeX Info: Redefining \oldstylenums on input line 334.
Package textcomp Info: Setting cmr sub-encoding to TS1/0 on input line 349.
Package textcomp Info: Setting cmss sub-encoding to TS1/0 on input line 350.
Package textcomp Info: Setting cmtt sub-encoding to TS1/0 on input line 351.
Package textcomp Info: Setting cmvtt sub-encoding to TS1/0 on input line 352.
Package textcomp Info: Setting cmbr sub-encoding to TS1/0 on input line 353.
Package textcomp Info: Setting cmtl sub-encoding to TS1/0 on input line 354.
Package textcomp Info: Setting ccr sub-encoding to TS1/0 on input line 355.
Package textcomp Info: Setting ptm sub-encoding to TS1/4 on input line 356.
Package textcomp Info: Setting pcr sub-encoding to TS1/4 on input line 357.
Package textcomp Info: Setting phv sub-encoding to TS1/4 on input line 358.
Package textcomp Info: Setting ppl sub-encoding to TS1/3 on input line 359.
Package textcomp Info: Setting pag sub-encoding to TS1/4 on input line 360.
Package textcomp Info: Setting pbk sub-encoding to TS1/4 on input line 361.
Package textcomp Info: Setting pnc sub-encoding to TS1/4 on input line 362.
Package textcomp Info: Setting pzc sub-encoding to TS1/4 on input line 363.
Package textcomp Info: Setting bch sub-encoding to TS1/4 on input line 364.
Package textcomp Info: Setting put sub-encoding to TS1/5 on input line 365.
Package textcomp Info: Setting uag sub-encoding to TS1/5 on input line 366.
Package textcomp Info: Setting ugq sub-encoding to TS1/5 on input line 367.
Package textcomp Info: Setting ul8 sub-encoding to TS1/4 on input line 368.
Package textcomp Info: Setting ul9 sub-encoding to TS1/4 on input line 369.
Package textcomp Info: Setting augie sub-encoding to TS1/5 on input line 370.
Package textcomp Info: Setting dayrom sub-encoding to TS1/3 on input line 371.
Package textcomp Info: Setting dayroms sub-encoding to TS1/3 on input line 372.

Package textcomp Info: Setting pxr sub-encoding to TS1/0 on input line 373.
Package textcomp Info: Setting pxss sub-encoding to TS1/0 on input line 374.
Package textcomp Info: Setting pxtt sub-encoding to TS1/0 on input line 375.
Package textcomp Info: Setting txr sub-encoding to TS1/0 on input line 376.
Package textcomp Info: Setting txss sub-encoding to TS1/0 on input line 377.
Package textcomp Info: Setting txtt sub-encoding to TS1/0 on input line 378.
Package textcomp Info: Setting lmr sub-encoding to TS1/0 on input line 379.
Package textcomp Info: Setting lmdh sub-encoding to TS1/0 on input line 380.
Package textcomp Info: Setting lmss sub-encoding to TS1/0 on input line 381.
Package textcomp Info: Setting lmssq sub-encoding to TS1/0 on input line 382.
Package textcomp Info: Setting lmvtt sub-encoding to TS1/0 on input line 383.
Package textcomp Info: Setting lmtt sub-encoding to TS1/0 on input line 384.
Package textcomp Info: Setting qhv sub-encoding to TS1/0 on input line 385.
Package textcomp Info: Setting qag sub-encoding to TS1/0 on input line 386.
Package textcomp Info: Setting qbk sub-encoding to TS1/0 on input line 387.
Package textcomp Info: Setting qcr sub-encoding to TS1/0 on input line 388.
Package textcomp Info: Setting qcs sub-encoding to TS1/0 on input line 389.
Package textcomp Info: Setting qpl sub-encoding to TS1/0 on input line 390.
Package textcomp Info: Setting qtm sub-encoding to TS1/0 on input line 391.
Package textcomp Info: Setting qzc sub-encoding to TS1/0 on input line 392.
Package textcomp Info: Setting qhvc sub-encoding to TS1/0 on input line 393.
Package textcomp Info: Setting futs sub-encoding to TS1/4 on input line 394.
Package textcomp Info: Setting futx sub-encoding to TS1/4 on input line 395.
Package textcomp Info: Setting futj sub-encoding to TS1/4 on input line 396.
Package textcomp Info: Setting hlh sub-encoding to TS1/3 on input line 397.
Package textcomp Info: Setting hls sub-encoding to TS1/3 on input line 398.
Package textcomp Info: Setting hlst sub-encoding to TS1/3 on input line 399.
Package textcomp Info: Setting hlct sub-encoding to TS1/5 on input line 400.
Package textcomp Info: Setting hlx sub-encoding to TS1/5 on input line 401.
Package textcomp Info: Setting hlce sub-encoding to TS1/5 on input line 402.
Package textcomp Info: Setting hlcn sub-encoding to TS1/5 on input line 403.
Package textcomp Info: Setting hlcw sub-encoding to TS1/5 on input line 404.
Package textcomp Info: Setting hlcf sub-encoding to TS1/5 on input line 405.
Package textcomp Info: Setting pplx sub-encoding to TS1/3 on input line 406.
Package textcomp Info: Setting pplj sub-encoding to TS1/3 on input line 407.
Package textcomp Info: Setting ptmx sub-encoding to TS1/4 on input line 408.
Package textcomp Info: Setting ptmj sub-encoding to TS1/4 on input line 409.
)
(/usr/share/texlive/texmf-dist/tex/latex/base/fontenc.sty
Package: fontenc 2005/09/27 v1.99g Standard LaTeX package

(/usr/share/texlive/texmf-dist/tex/latex/base/t1enc.def
File: t1enc.def 2005/09/27 v1.99g Standard LaTeX file
LaTeX Font Info:    Redeclaring font encoding T1 on input line 48.
))
(/usr/share/texlive/texmf-dist/tex/generic/babel/babel.sty
Package: babel 2016/02/24 3.9q The Babel package

(/usr/share/texlive/texmf-dist/tex/generic/babel-german/ngerman.ldf
Language: ngerman 2013/12/13 v2.7 German support for babel (new orthography)

(/usr/share/texlive/texmf-dist/tex/generic/babel-german/ngermanb.ldf
Language: ngermanb 2013/12/13 v2.7 German support for babel (new orthography)

(/usr/share/texlive/texmf-dist/tex/generic/babel/babel.def
File: babel.def 2016/02/24 3.9q Babel common definitions
\babel@savecnt=\count99
\U@D=\dimen112
)
\l@naustrian = a dialect from \language\l@ngerman 
\l@nswissgerman = a dialect from \language\l@ngerman 
Package babel Info: Making " an active character on input line 88.
)))
(/usr/share/texlive/texmf-dist/tex/latex/longfbox/longfbox.sty
Package: longfbox 2015/12/01, Daan Leijen, Provides long fbox that can break ov
er pages

(/usr/share/texlive/texmf-dist/tex/latex/options/options.sty
Package: options 2015/03/01, Daan Leijen, Provides convenient path-value (or ke
y-value) options

(/usr/share/texlive/texmf-dist/tex/latex/etoolbox/etoolbox.sty
Package: etoolbox 2015/08/02 v2.2a e-TeX tools for LaTeX (JAW)
\etb@tempcnta=\count100
)
(/usr/share/texlive/texmf-dist/tex/latex/xcolor/xcolor.sty
Package: xcolor 2007/01/21 v2.11 LaTeX color extensions (UK)

(/usr/share/texlive/texmf-dist/tex/latex/latexconfig/color.cfg
File: color.cfg 2007/01/18 v1.5 color configuration of teTeX/TeXLive
)
Package xcolor Info: Driver file: pdftex.def on input line 225.

(/usr/share/texlive/texmf-dist/tex/latex/pdftex-def/pdftex.def
File: pdftex.def 2011/05/27 v0.06d Graphics/color for pdfTeX

(/usr/share/texlive/texmf-dist/tex/generic/oberdiek/infwarerr.sty
Package: infwarerr 2010/04/08 v1.3 Providing info/warning/error messages (HO)
)
(/usr/share/texlive/texmf-dist/tex/generic/oberdiek/ltxcmds.sty
Package: ltxcmds 2011/11/09 v1.22 LaTeX kernel commands for general use (HO)
)
\Gread@gobject=\count101
)
Package xcolor Info: Model `cmy' substituted by `cmy0' on input line 1337.
Package xcolor Info: Model `hsb' substituted by `rgb' on input line 1341.
Package xcolor Info: Model `RGB' extended on input line 1353.
Package xcolor Info: Model `HTML' substituted by `rgb' on input line 1355.
Package xcolor Info: Model `Hsb' substituted by `hsb' on input line 1356.
Package xcolor Info: Model `tHsb' substituted by `hsb' on input line 1357.
Package xcolor Info: Model `HSB' substituted by `hsb' on input line 1358.
Package xcolor Info: Model `Gray' substituted by `gray' on input line 1359.
Package xcolor Info: Model `wave' substituted by `hsb' on input line 1360.
)
\opt@nesting=\count102
\opt@idx=\count103
\opt@choiceord=\count104
)
(/usr/share/texlive/texmf-dist/tex/latex/longfbox/longbox.sty
Package: longbox 2015/12/01, Daan Leijen, Provides basic longbox that can break
 over pages

(/usr/share/texlive/texmf-dist/tex/latex/mdwtools/footnote.sty
Package: footnote 1997/01/28 1.13 Save footnotes around boxes
\fn@notes=\box28
\fn@width=\dimen113
)
\lb@prevdepth=\skip46
\lb@freevspace=\skip47
\lb@headbox=\box29
\lb@savebox=\box30
\lb@mainbox=\box31
\lb@usevbox=\count105
\lb@width=\skip48
\lb@height=\skip49
\lb@skiptop=\skip50
\lb@skipright=\skip51
\lb@skipbottom=\skip52
\lb@skipleft=\skip53
\lb@skipbreaktop=\skip54
\lb@skipbreakbottom=\skip55
\lb@outerwidth=\skip56
\lb@extrasplit=\skip57
\lb@textalign=\count106
\lb@baseline=\count107
\lb@neededvspace=\skip58
\lb@splitheight=\skip59
\lb@insurance=\skip60
\/longbox/@part-height=\skip61
\/longbox/@part-width=\skip62
\/longbox/@part-depth=\skip63
\/longbox/@content-box-height=\skip64
\/longbox/@content-box-width=\skip65
\/longbox/@content-box-depth=\skip66
\/longbox/@breakat-previous=\skip67
\/longbox/@lower=\skip68
\/longbox/split-minimum=\skip69
\/longbox/split-badness=\skip70
\/longbox/raise=\skip71
\/longbox/height=\skip72
\/longbox/width=\skip73
\/longbox/outer-height=\skip74
\/longbox/outer-width=\skip75
\/longbox/skip-top=\skip76
\/longbox/skip-right=\skip77
\/longbox/skip-bottom=\skip78
\/longbox/skip-left=\skip79
\/longbox/skip-break-bottom=\skip80
\/longbox/skip-break-top=\skip81
)
(/usr/share/texlive/texmf-dist/tex/latex/pict2e/pict2e.sty
Package: pict2e 2016/02/05 v0.3b Improved picture commands (HjG,RN,JT)

(/usr/share/texlive/texmf-dist/tex/latex/pict2e/pict2e.cfg
File: pict2e.cfg 2016/02/05 v0.1u pict2e configuration for teTeX/TeXLive
)
Package pict2e Info: Driver file: pdftex.def on input line 119.
Package pict2e Info: Driver file for pict2e: p2e-pdftex.def on input line 121.

(/usr/share/texlive/texmf-dist/tex/latex/pict2e/p2e-pdftex.def
File: p2e-pdftex.def 2016/02/05 v0.1u Driver-dependant file (RN,HjG,JT)
)
(/usr/share/texlive/texmf-dist/tex/latex/graphics/trig.sty
Package: trig 2016/01/03 v1.10 sin cos tan (DPC)
)
\pIIe@GRAPH=\toks21
\@arclen=\dimen114
\@arcrad=\dimen115
\@tempdimd=\dimen116
)
(/usr/share/texlive/texmf-dist/tex/latex/ellipse/ellipse.sty
Package: ellipse 2004/11/05 v1.0 .dtx ellipse file
)
\fbox@oct=\count108
\fbox@quad=\count109
\fbox@diaq=\count110
\fbox@sign=\count111
\fbox@anglestart=\skip82
\fbox@angleend=\skip83
\fbox@dash=\skip84
\fbox@dashskip=\skip85
\fbox@anglecur=\skip86
\fbox@dashangle=\skip87
\fbox@dashskipangle=\skip88
\fbox@delta=\skip89
\fbox@from=\skip90
\fbox@to=\skip91
\/fbox/padding-top=\skip92
\/fbox/padding-right=\skip93
\/fbox/padding-bottom=\skip94
\/fbox/padding-left=\skip95
\/fbox/padding-break-top=\skip96
\/fbox/padding-break-bottom=\skip97
\/fbox/margin-top=\skip98
\/fbox/margin-right=\skip99
\/fbox/margin-bottom=\skip100
\/fbox/margin-left=\skip101
\/fbox/margin-break-top=\skip102
\/fbox/margin-break-bottom=\skip103
\/fbox/border-top-width=\skip104
\/fbox/border-right-width=\skip105
\/fbox/border-bottom-width=\skip106
\/fbox/border-left-width=\skip107
\/fbox/border-break-top-width=\skip108
\/fbox/border-break-bottom-width=\skip109
\/fbox/@lower=\skip110
\/fbox/@padding-box-height=\skip111
\/fbox/@padding-box-depth=\skip112
\/fbox/@padding-box-width=\skip113
\/fbox/@border-box-width=\skip114
\/fbox/@border-box-height=\skip115
\/fbox/@border-box-depth=\skip116
\/fbox/@border-top-left-radius-x=\skip117
\/fbox/@border-top-right-radius-x=\skip118
\/fbox/@border-bottom-left-radius-x=\skip119
\/fbox/@border-bottom-right-radius-x=\skip120
\/fbox/@border-top-left-radius-y=\skip121
\/fbox/@border-top-right-radius-y=\skip122
\/fbox/@border-bottom-left-radius-y=\skip123
\/fbox/@border-bottom-right-radius-y=\skip124
\/fbox/@border-top-left-ix=\skip125
\/fbox/@border-top-left-iy=\skip126
\/fbox/@border-top-right-ix=\skip127
\/fbox/@border-top-right-iy=\skip128
\/fbox/@border-bottom-left-ix=\skip129
\/fbox/@border-bottom-left-iy=\skip130
\/fbox/@border-bottom-right-ix=\skip131
\/fbox/@border-bottom-right-iy=\skip132
\/fbox/@border-top-left-phi=\skip133
\/fbox/@border-top-right-phi=\skip134
\/fbox/@border-bottom-left-phi=\skip135
\/fbox/@border-bottom-right-phi=\skip136
)
(/usr/share/texlive/texmf-dist/tex/latex/fancyhdr/fancyhdr.sty
\fancy@headwidth=\skip137
\f@ncyO@elh=\skip138
\f@ncyO@erh=\skip139
\f@ncyO@olh=\skip140
\f@ncyO@orh=\skip141
\f@ncyO@elf=\skip142
\f@ncyO@erf=\skip143
\f@ncyO@olf=\skip144
\f@ncyO@orf=\skip145
)
(/usr/share/texlive/texmf-dist/tex/latex/geometry/geometry.sty
Package: geometry 2010/09/12 v5.6 Page Geometry

(/usr/share/texlive/texmf-dist/tex/latex/graphics/keyval.sty
Package: keyval 2014/10/28 v1.15 key=value parser (DPC)
\KV@toks@=\toks22
)
(/usr/share/texlive/texmf-dist/tex/generic/oberdiek/ifpdf.sty
Package: ifpdf 2011/01/30 v2.3 Provides the ifpdf switch (HO)
Package ifpdf Info: pdfTeX in PDF mode is detected.
)
(/usr/share/texlive/texmf-dist/tex/generic/oberdiek/ifvtex.sty
Package: ifvtex 2010/03/01 v1.5 Detect VTeX and its facilities (HO)
Package ifvtex Info: VTeX not detected.
)
(/usr/share/texlive/texmf-dist/tex/generic/ifxetex/ifxetex.sty
Package: ifxetex 2010/09/12 v0.6 Provides ifxetex conditional
)
\Gm@cnth=\count112
\Gm@cntv=\count113
\c@Gm@tempcnt=\count114
\Gm@bindingoffset=\dimen117
\Gm@wd@mp=\dimen118
\Gm@odd@mp=\dimen119
\Gm@even@mp=\dimen120
\Gm@layoutwidth=\dimen121
\Gm@layoutheight=\dimen122
\Gm@layouthoffset=\dimen123
\Gm@layoutvoffset=\dimen124
\Gm@dimlist=\toks23
)
(/usr/share/texlive/texmf-dist/tex/latex/hyperref/hyperref.sty
Package: hyperref 2012/11/06 v6.83m Hypertext links for LaTeX

(/usr/share/texlive/texmf-dist/tex/generic/oberdiek/hobsub-hyperref.sty
Package: hobsub-hyperref 2012/05/28 v1.13 Bundle oberdiek, subset hyperref (HO)


(/usr/share/texlive/texmf-dist/tex/generic/oberdiek/hobsub-generic.sty
Package: hobsub-generic 2012/05/28 v1.13 Bundle oberdiek, subset generic (HO)
Package: hobsub 2012/05/28 v1.13 Construct package bundles (HO)
Package hobsub Info: Skipping package `infwarerr' (already loaded).
Package hobsub Info: Skipping package `ltxcmds' (already loaded).
Package: ifluatex 2010/03/01 v1.3 Provides the ifluatex switch (HO)
Package ifluatex Info: LuaTeX not detected.
Package hobsub Info: Skipping package `ifvtex' (already loaded).
Package: intcalc 2007/09/27 v1.1 Expandable calculations with integers (HO)
Package hobsub Info: Skipping package `ifpdf' (already loaded).
Package: etexcmds 2011/02/16 v1.5 Avoid name clashes with e-TeX commands (HO)
Package etexcmds Info: Could not find \expanded.
(etexcmds)             That can mean that you are not using pdfTeX 1.50 or
(etexcmds)             that some package has redefined \expanded.
(etexcmds)             In the latter case, load this package earlier.
Package: kvsetkeys 2012/04/25 v1.16 Key value parser (HO)
Package: kvdefinekeys 2011/04/07 v1.3 Define keys (HO)
Package: pdftexcmds 2011/11/29 v0.20 Utility functions of pdfTeX for LuaTeX (HO
)
Package pdftexcmds Info: LuaTeX not detected.
Package pdftexcmds Info: \pdf@primitive is available.
Package pdftexcmds Info: \pdf@ifprimitive is available.
Package pdftexcmds Info: \pdfdraftmode found.
Package: pdfescape 2011/11/25 v1.13 Implements pdfTeX's escape features (HO)
Package: bigintcalc 2012/04/08 v1.3 Expandable calculations on big integers (HO
)
Package: bitset 2011/01/30 v1.1 Handle bit-vector datatype (HO)
Package: uniquecounter 2011/01/30 v1.2 Provide unlimited unique counter (HO)
)
Package hobsub Info: Skipping package `hobsub' (already loaded).
Package: letltxmacro 2010/09/02 v1.4 Let assignment for LaTeX macros (HO)
Package: hopatch 2012/05/28 v1.2 Wrapper for package hooks (HO)
Package: xcolor-patch 2011/01/30 xcolor patch
Package: atveryend 2011/06/30 v1.8 Hooks at the very end of document (HO)
Package: atbegshi 2011/10/05 v1.16 At begin shipout hook (HO)
Package: refcount 2011/10/16 v3.4 Data extraction from label references (HO)
Package: hycolor 2011/01/30 v1.7 Color options for hyperref/bookmark (HO)
)
(/usr/share/texlive/texmf-dist/tex/latex/oberdiek/auxhook.sty
Package: auxhook 2011/03/04 v1.3 Hooks for auxiliary files (HO)
)
(/usr/share/texlive/texmf-dist/tex/latex/oberdiek/kvoptions.sty
Package: kvoptions 2011/06/30 v3.11 Key value format for package options (HO)
)
\@linkdim=\dimen125
\Hy@linkcounter=\count115
\Hy@pagecounter=\count116

(/usr/share/texlive/texmf-dist/tex/latex/hyperref/pd1enc.def
File: pd1enc.def 2012/11/06 v6.83m Hyperref: PDFDocEncoding definition (HO)
Now handling font encoding PD1 ...
... no UTF-8 mapping file for font encoding PD1
)
\Hy@SavedSpaceFactor=\count117

(/usr/share/texlive/texmf-dist/tex/latex/latexconfig/hyperref.cfg
File: hyperref.cfg 2002/06/06 v1.2 hyperref configuration of TeXLive
)
Package hyperref Info: Hyper figures OFF on input line 4443.
Package hyperref Info: Link nesting OFF on input line 4448.
Package hyperref Info: Hyper index ON on input line 4451.
Package hyperref Info: Plain pages OFF on input line 4458.
Package hyperref Info: Backreferencing OFF on input line 4463.
Package hyperref Info: Implicit mode ON; LaTeX internals redefined.
Package hyperref Info: Bookmarks ON on input line 4688.
\c@Hy@tempcnt=\count118

(/usr/share/texlive/texmf-dist/tex/latex/url/url.sty
\Urlmuskip=\muskip11
Package: url 2013/09/16  ver 3.4  Verb mode for urls, etc.
)
LaTeX Info: Redefining \url on input line 5041.
\XeTeXLinkMargin=\dimen126
\Fld@menulength=\count119
\Field@Width=\dimen127
\Fld@charsize=\dimen128
Package hyperref Info: Hyper figures OFF on input line 6295.
Package hyperref Info: Link nesting OFF on input line 6300.
Package hyperref Info: Hyper index ON on input line 6303.
Package hyperref Info: backreferencing OFF on input line 6310.
Package hyperref Info: Link coloring OFF on input line 6315.
Package hyperref Info: Link coloring with OCG OFF on input line 6320.
Package hyperref Info: PDF/A mode OFF on input line 6325.
LaTeX Info: Redefining \ref on input line 6365.
LaTeX Info: Redefining \pageref on input line 6369.
\Hy@abspage=\count120
\c@Item=\count121
\c@Hfootnote=\count122
)

Package hyperref Message: Driver (autodetected): hpdftex.

(/usr/share/texlive/texmf-dist/tex/latex/hyperref/hpdftex.def
File: hpdftex.def 2012/11/06 v6.83m Hyperref driver for pdfTeX
\Fld@listcount=\count123
\c@bookmark@seq@number=\count124

(/usr/share/texlive/texmf-dist/tex/latex/oberdiek/rerunfilecheck.sty
Package: rerunfilecheck 2011/04/15 v1.7 Rerun checks for auxiliary files (HO)
Package uniquecounter Info: New unique counter `rerunfilecheck' on input line 2
82.
)
\Hy@SectionHShift=\skip146
)
(/usr/share/texlive/texmf-dist/tex/latex/graphics/graphicx.sty
Package: graphicx 2014/10/28 v1.0g Enhanced LaTeX Graphics (DPC,SPQR)

(/usr/share/texlive/texmf-dist/tex/latex/graphics/graphics.sty
Package: graphics 2016/01/03 v1.0q Standard LaTeX Graphics (DPC,SPQR)

(/usr/share/texlive/texmf-dist/tex/latex/latexconfig/graphics.cfg
File: graphics.cfg 2010/04/23 v1.9 graphics configuration of TeX Live
)
Package graphics Info: Driver file: pdftex.def on input line 95.
)
\Gin@req@height=\dimen129
\Gin@req@width=\dimen130
)
No file Kurzbiographien.aux.
\openout1 = `Kurzbiographien.aux'.

LaTeX Font Info:    Checking defaults for OML/cmm/m/it on input line 23.
LaTeX Font Info:    ... okay on input line 23.
LaTeX Font Info:    Checking defaults for T1/cmr/m/n on input line 23.
LaTeX Font Info:    ... okay on input line 23.
LaTeX Font Info:    Checking defaults for OT1/cmr/m/n on input line 23.
LaTeX Font Info:    ... okay on input line 23.
LaTeX Font Info:    Checking defaults for OMS/cmsy/m/n on input line 23.
LaTeX Font Info:    ... okay on input line 23.
LaTeX Font Info:    Checking defaults for OMX/cmex/m/n on input line 23.
LaTeX Font Info:    ... okay on input line 23.
LaTeX Font Info:    Checking defaults for U/cmr/m/n on input line 23.
LaTeX Font Info:    ... okay on input line 23.
LaTeX Font Info:    Checking defaults for TS1/cmr/m/n on input line 23.
LaTeX Font Info:    Try loading font information for TS1+cmr on input line 23.
(/usr/share/texlive/texmf-dist/tex/latex/base/ts1cmr.fd
File: ts1cmr.fd 2014/09/29 v2.5h Standard LaTeX font definitions
)
LaTeX Font Info:    ... okay on input line 23.
LaTeX Font Info:    Checking defaults for PD1/pdf/m/n on input line 23.
LaTeX Font Info:    ... okay on input line 23.

(/usr/share/texlive/texmf-dist/tex/context/base/supp-pdf.mkii
[Loading MPS to PDF converter (version 2006.09.02).]
\scratchcounter=\count125
\scratchdimen=\dimen131
\scratchbox=\box32
\nofMPsegments=\count126
\nofMParguments=\count127
\everyMPshowfont=\toks24
\MPscratchCnt=\count128
\MPscratchDim=\dimen132
\MPnumerator=\count129
\makeMPintoPDFobject=\count130
\everyMPtoPDFconversion=\toks25
)
*geometry* driver: auto-detecting
*geometry* detected driver: pdftex
*geometry* verbose mode - [ preamble ] result:
* driver: pdftex
* paper: a4paper
* layout: <same size as paper>
* layoutoffset:(h,v)=(0.0pt,0.0pt)
* modes: 
* h-part:(L,W,R)=(56.90533pt, 483.6972pt, 56.90533pt)
* v-part:(T,H,B)=(56.90533pt, 731.23618pt, 56.90533pt)
* \paperwidth=597.50787pt
* \paperheight=845.04684pt
* \textwidth=483.6972pt
* \textheight=731.23618pt
* \oddsidemargin=-15.36465pt
* \evensidemargin=-15.36465pt
* \topmargin=-15.36465pt
* \headheight=0.0pt
* \headsep=0.0pt
* \topskip=10.0pt
* \footskip=0.0pt
* \marginparwidth=57.0pt
* \marginparsep=11.0pt
* \columnsep=10.0pt
* \skip\footins=9.0pt plus 4.0pt minus 2.0pt
* \hoffset=0.0pt
* \voffset=0.0pt
* \mag=1000
* \@twocolumnfalse
* \@twosidefalse
* \@mparswitchfalse
* \@reversemarginfalse
* (1in=72.27pt=25.4mm, 1cm=28.453pt)

\AtBeginShipoutBox=\box33
Package hyperref Info: Link coloring OFF on input line 23.
(/usr/share/texlive/texmf-dist/tex/latex/hyperref/nameref.sty
Package: nameref 2012/10/27 v2.43 Cross-referencing by name of section

(/usr/share/texlive/texmf-dist/tex/generic/oberdiek/gettitlestring.sty
Package: gettitlestring 2010/12/03 v1.4 Cleanup title references (HO)
)
\c@section@level=\count131
)
LaTeX Info: Redefining \ref on input line 23.
LaTeX Info: Redefining \pageref on input line 23.
LaTeX Info: Redefining \nameref on input line 23.
\@outlinefile=\write3
\openout3 = `Kurzbiographien.out'.


(/usr/share/texlive/texmf-dist/tex/latex/oberdiek/epstopdf-base.sty
Package: epstopdf-base 2010/02/09 v2.5 Base part for package epstopdf

(/usr/share/texlive/texmf-dist/tex/latex/oberdiek/grfext.sty
Package: grfext 2010/08/19 v1.1 Manage graphics extensions (HO)
)
Package grfext Info: Graphics extension search list:
(grfext)             [.png,.pdf,.jpg,.mps,.jpeg,.jbig2,.jb2,.PNG,.PDF,.JPG,.JPE
G,.JBIG2,.JB2,.eps]
(grfext)             \AppendGraphicsExtensions on input line 452.

(/usr/share/texlive/texmf-dist/tex/latex/latexconfig/epstopdf-sys.cfg
File: epstopdf-sys.cfg 2010/07/13 v1.3 Configuration of (r)epstopdf for TeX Liv
e
))
<Kurzbiographien-img001.jpg, id=4, 200.75pt x 224.84pt>
File: Kurzbiographien-img001.jpg Graphic file (type jpg)

<use Kurzbiographien-img001.jpg>
Package pdftex.def Info: Kurzbiographien-img001.jpg used on input line 30.
(pdftex.def)             Requested size: 113.7854pt x 127.43967pt.
LaTeX Font Info:    Try loading font information for T1+cmtt on input line 72.

(/usr/share/texlive/texmf-dist/tex/latex/base/t1cmtt.fd
File: t1cmtt.fd 2014/09/29 v2.5h Standard LaTeX font definitions
)
LaTeX Font Info:    Try loading font information for U+msa on input line 72.

(/usr/share/texlive/texmf-dist/tex/latex/amsfonts/umsa.fd
File: umsa.fd 2013/01/14 v3.01 AMS symbols A
)
LaTeX Font Info:    Try loading font information for U+msb on input line 72.

(/usr/share/texlive/texmf-dist/tex/latex/amsfonts/umsb.fd
File: umsb.fd 2013/01/14 v3.01 AMS symbols B
)
Package babel Info: Redefining ngerman shorthand "|
(babel)             in language append on input line 86.
Package babel Info: Redefining ngerman shorthand "~
(babel)             in language append on input line 86.
Package babel Info: Redefining ngerman shorthand "|
(babel)             in language append on input line 86.
Package babel Info: Redefining ngerman shorthand "~
(babel)             in language append on input line 86.
 [1

{/home/abb/.texmf-var/fonts/map/pdftex/updmap/pdftex.map} <./Kurzbiographien-im
g001.jpg>]
<Kurzbiographien-img002.jpg, id=19, 803.0pt x 1151.30125pt>
File: Kurzbiographien-img002.jpg Graphic file (type jpg)

<use Kurzbiographien-img002.jpg>
Package pdftex.def Info: Kurzbiographien-img002.jpg used on input line 89.
(pdftex.def)             Requested size: 113.77928pt x 163.25403pt.

Overfull \hbox (0.44131pt too wide) in paragraph at lines 136--137
[][]$\T1/cmtt/m/n/10 https : / / de . wikipedia . org / wiki / Karel _ An % C4 
% 8Derl # /media / Datei : BASA-[]1772K-[]1-[]2376-[]1-[]Karel _
 []

Package babel Info: Redefining ngerman shorthand "|
(babel)             in language append on input line 137.
Package babel Info: Redefining ngerman shorthand "~
(babel)             in language append on input line 137.
Package babel Info: Redefining ngerman shorthand "|
(babel)             in language append on input line 137.
Package babel Info: Redefining ngerman shorthand "~
(babel)             in language append on input line 137.
[2 <./Kurzbiographien-img002.jpg>]
<Kurzbiographien-img003.jpg, id=29, 752.8125pt x 1002.74625pt>
File: Kurzbiographien-img003.jpg Graphic file (type jpg)

<use Kurzbiographien-img003.jpg>
Package pdftex.def Info: Kurzbiographien-img003.jpg used on input line 144.
(pdftex.def)             Requested size: 113.77852pt x 151.6142pt.
Package babel Info: Redefining ngerman shorthand "|
(babel)             in language append on input line 180.
Package babel Info: Redefining ngerman shorthand "~
(babel)             in language append on input line 180.
Package babel Info: Redefining ngerman shorthand "|
(babel)             in language append on input line 180.
Package babel Info: Redefining ngerman shorthand "~
(babel)             in language append on input line 180.
 [3 <./Kurzbiographien-img003.jpg>]
Package babel Info: Redefining ngerman shorthand "|
(babel)             in language append on input line 231.
Package babel Info: Redefining ngerman shorthand "~
(babel)             in language append on input line 231.
Package babel Info: Redefining ngerman shorthand "|
(babel)             in language append on input line 231.
Package babel Info: Redefining ngerman shorthand "~
(babel)             in language append on input line 231.
 [4]
<Kurzbiographien-img004.jpg, id=43, 180.675pt x 263.98625pt>
File: Kurzbiographien-img004.jpg Graphic file (type jpg)

<use Kurzbiographien-img004.jpg>
Package pdftex.def Info: Kurzbiographien-img004.jpg used on input line 272.
(pdftex.def)             Requested size: 113.78172pt x 166.10275pt.
Package babel Info: Redefining ngerman shorthand "|
(babel)             in language append on input line 292.
Package babel Info: Redefining ngerman shorthand "~
(babel)             in language append on input line 292.
Package babel Info: Redefining ngerman shorthand "|
(babel)             in language append on input line 292.
Package babel Info: Redefining ngerman shorthand "~
(babel)             in language append on input line 292.
 [5 <./Kurzbiographien-img004.jpg>]
Overfull \hbox (3.10907pt too wide) in paragraph at lines 309--311
[][]$\T1/cmtt/m/n/10 http : / / resources . huygens . knaw . nl / bwn1880-[]200
0 / lemmata / bwn3 / cohend$[] \T1/cmr/m/n/10 (JW Schul-te Nord-holt: 'Co-
 []

<Kurzbiographien-img005.jpg, id=53, 131.49126pt x 194.7275pt>
File: Kurzbiographien-img005.jpg Graphic file (type jpg)

<use Kurzbiographien-img005.jpg>
Package pdftex.def Info: Kurzbiographien-img005.jpg used on input line 353.
(pdftex.def)             Requested size: 113.78651pt x 168.13388pt.


LaTeX Warning: `h' float specifier changed to `ht'.

<Kurzbiographien-img006.jpg, id=56, 340.27126pt x 481.8pt>
File: Kurzbiographien-img006.jpg Graphic file (type jpg)

<use Kurzbiographien-img006.jpg>
Package pdftex.def Info: Kurzbiographien-img006.jpg used on input line 380.
(pdftex.def)             Requested size: 113.77998pt x 161.23674pt.


LaTeX Warning: `h' float specifier changed to `ht'.

Package babel Info: Redefining ngerman shorthand "|
(babel)             in language append on input line 390.
Package babel Info: Redefining ngerman shorthand "~
(babel)             in language append on input line 390.
Package babel Info: Redefining ngerman shorthand "|
(babel)             in language append on input line 390.
Package babel Info: Redefining ngerman shorthand "~
(babel)             in language append on input line 390.
[6]
Package babel Info: Redefining ngerman shorthand "|
(babel)             in language append on input line 409.
Package babel Info: Redefining ngerman shorthand "~
(babel)             in language append on input line 409.
Package babel Info: Redefining ngerman shorthand "|
(babel)             in language append on input line 409.
Package babel Info: Redefining ngerman shorthand "~
(babel)             in language append on input line 409.
 [7 <./Kurzbiographien-img005.jpg> <./Kurzbiographien-img006.jpg>]
Overfull \hbox (20.19585pt too wide) in paragraph at lines 415--418
\T1/cmr/m/n/10 Hand-buch der deutsch-spra-chi-gen wirt-schafts-wis-sen-schaft-l
i-chen Emi-gra-ti-on nach 1933. Band 1: Ad-ler^^ULehmann.
 []


Overfull \hbox (87.16953pt too wide) in paragraph at lines 442--443
[][]$\T1/cmtt/m/n/10 https : / / www . geni . com / photo / view / 600000005089
7081907 ? album _ type = photos _ of _ me & photo _ id = 6000000050955430138$[]
 
 []

<Kurzbiographien-img007.jpg, id=70, 122.4575pt x 141.52875pt>
File: Kurzbiographien-img007.jpg Graphic file (type jpg)

<use Kurzbiographien-img007.jpg>
Package pdftex.def Info: Kurzbiographien-img007.jpg used on input line 449.
(pdftex.def)             Requested size: 113.78525pt x 131.4044pt.

Overfull \hbox (217.13876pt too wide) in paragraph at lines 465--466
[][]$\T1/cmtt/m/n/10 https : / / www . holocaust . cz / de / datenbank-[]der-[]
digitalisiertendokumenten / dokument / 120792-[]fischer-[]karel-[]pripusteni-[]
k-[]ridicske-[]zkousce/$[] 
 []

Package babel Info: Redefining ngerman shorthand "|
(babel)             in language append on input line 467.
Package babel Info: Redefining ngerman shorthand "~
(babel)             in language append on input line 467.
Package babel Info: Redefining ngerman shorthand "|
(babel)             in language append on input line 467.
Package babel Info: Redefining ngerman shorthand "~
(babel)             in language append on input line 467.
[8 <./Kurzbiographien-img007.jpg>]
Overfull \hbox (222.88748pt too wide) in paragraph at lines 478--479
[][]$\T1/cmtt/m/n/10 https : / / www . holocaust . cz / de / datenbank-[]der-[]
digitalisierten-[]dokumenten / dokument / 120792-[]fischer-[]karel-[]pripusteni
-[]k-[]ridicske-[]zkousce/$[] 
 []

<Kurzbiographien-img008.jpg, id=79, 132.495pt x 189.70876pt>
File: Kurzbiographien-img008.jpg Graphic file (type jpg)

<use Kurzbiographien-img008.jpg>
Package pdftex.def Info: Kurzbiographien-img008.jpg used on input line 486.
(pdftex.def)             Requested size: 113.78374pt x 163.00739pt.

Overfull \hbox (32.8828pt too wide) in paragraph at lines 517--519
[]\T1/cmr/m/n/10 Esriel Hil-des-hei-mer, Mor-de-chai Eliav: Das Ber-li-ner Rab-
bi-ner-se-mi-nar 1873-1938, Ber-lin 2008, ISBN 9783938485460,
 []

Package babel Info: Redefining ngerman shorthand "|
(babel)             in language append on input line 533.
Package babel Info: Redefining ngerman shorthand "~
(babel)             in language append on input line 533.
Package babel Info: Redefining ngerman shorthand "|
(babel)             in language append on input line 533.
Package babel Info: Redefining ngerman shorthand "~
(babel)             in language append on input line 533.
[9 <./Kurzbiographien-img008.jpg>]
<Kurzbiographien-img009.jpg, id=87, 488.82625pt x 699.61375pt>
File: Kurzbiographien-img009.jpg Graphic file (type jpg)

<use Kurzbiographien-img009.jpg>
Package pdftex.def Info: Kurzbiographien-img009.jpg used on input line 548.
(pdftex.def)             Requested size: 113.77773pt x 162.72256pt.
Package babel Info: Redefining ngerman shorthand "|
(babel)             in language append on input line 589.
Package babel Info: Redefining ngerman shorthand "~
(babel)             in language append on input line 589.
Package babel Info: Redefining ngerman shorthand "|
(babel)             in language append on input line 589.
Package babel Info: Redefining ngerman shorthand "~
(babel)             in language append on input line 589.
 [10 <./Kurzbiographien-img009.jpg>]
<Kurzbiographien-img010.jpg, id=96, 131.49126pt x 192.72pt>
File: Kurzbiographien-img010.jpg Graphic file (type jpg)

<use Kurzbiographien-img010.jpg>
Package pdftex.def Info: Kurzbiographien-img010.jpg used on input line 605.
(pdftex.def)             Requested size: 113.78651pt x 166.67696pt.

<Kurzbiographien-img011.jpg, id=100, 755.82375pt x 1204.5pt>
File: Kurzbiographien-img011.jpg Graphic file (type jpg)

<use Kurzbiographien-img011.jpg>
Package pdftex.def Info: Kurzbiographien-img011.jpg used on input line 636.
(pdftex.def)             Requested size: 113.77232pt x 181.18182pt.


LaTeX Warning: `h' float specifier changed to `ht'.

Package babel Info: Redefining ngerman shorthand "|
(babel)             in language append on input line 655.
Package babel Info: Redefining ngerman shorthand "~
(babel)             in language append on input line 655.
Package babel Info: Redefining ngerman shorthand "|
(babel)             in language append on input line 655.
Package babel Info: Redefining ngerman shorthand "~
(babel)             in language append on input line 655.
[11 <./Kurzbiographien-img010.jpg>]
Package babel Info: Redefining ngerman shorthand "|
(babel)             in language append on input line 689.
Package babel Info: Redefining ngerman shorthand "~
(babel)             in language append on input line 689.
Package babel Info: Redefining ngerman shorthand "|
(babel)             in language append on input line 689.
Package babel Info: Redefining ngerman shorthand "~
(babel)             in language append on input line 689.
 [12 <./Kurzbiographien-img011.jpg>]
Overfull \hbox (52.9285pt too wide) in paragraph at lines 712--713
[][]$\T1/cmtt/m/n/10 https : / / www . holocaust . cz / de / datenbank-[]der-[]
digitalisierten-[]dokumenten / dokument / 444305-[]kurt-[]gerron/$[] 
 []

<Kurzbiographien-img012.jpg, id=112, 129.48375pt x 190.7125pt>
File: Kurzbiographien-img012.jpg Graphic file (type jpg)

<use Kurzbiographien-img012.jpg>
Package pdftex.def Info: Kurzbiographien-img012.jpg used on input line 720.
(pdftex.def)             Requested size: 113.78796pt x 167.81877pt.
Package babel Info: Redefining ngerman shorthand "|
(babel)             in language append on input line 743.
Package babel Info: Redefining ngerman shorthand "~
(babel)             in language append on input line 743.
Package babel Info: Redefining ngerman shorthand "|
(babel)             in language append on input line 743.
Package babel Info: Redefining ngerman shorthand "~
(babel)             in language append on input line 743.
 [13 <./Kurzbiographien-img012.jpg>]
Overfull \hbox (20.19585pt too wide) in paragraph at lines 768--771
\T1/cmr/m/n/10 Hand-buch der deutsch-spra-chi-gen wirt-schafts-wis-sen-schaft-l
i-chen Emi-gra-ti-on nach 1933. Band 1: Ad-ler^^ULehmann.
 []


Overfull \hbox (10.10812pt too wide) in paragraph at lines 794--804
\T1/cmr/bx/n/10 Dr. Ge-org Grad-nau-er \T1/cmr/m/n/10 [geb. 16.11.1866 in Mag-d
e-burg (Deut-sches Reich); gest. 18.11.1946 in Berlin-Schlachtensee
 []

<Kurzbiographien-img013.jpg, id=121, 132.495pt x 193.72375pt>
File: Kurzbiographien-img013.jpg Graphic file (type jpg)

<use Kurzbiographien-img013.jpg>
Package pdftex.def Info: Kurzbiographien-img013.jpg used on input line 807.
(pdftex.def)             Requested size: 113.78374pt x 166.67897pt.


LaTeX Warning: `h' float specifier changed to `ht'.

Package babel Info: Redefining ngerman shorthand "|
(babel)             in language append on input line 815.
Package babel Info: Redefining ngerman shorthand "~
(babel)             in language append on input line 815.
Package babel Info: Redefining ngerman shorthand "|
(babel)             in language append on input line 815.
Package babel Info: Redefining ngerman shorthand "~
(babel)             in language append on input line 815.
[14]
Package babel Info: Redefining ngerman shorthand "|
(babel)             in language append on input line 843.
Package babel Info: Redefining ngerman shorthand "~
(babel)             in language append on input line 843.
Package babel Info: Redefining ngerman shorthand "|
(babel)             in language append on input line 843.
Package babel Info: Redefining ngerman shorthand "~
(babel)             in language append on input line 843.
 [15 <./Kurzbiographien-img013.jpg>]
<Kurzbiographien-img014.jpg, id=133, 220.825pt x 306.14375pt>
File: Kurzbiographien-img014.jpg Graphic file (type jpg)

<use Kurzbiographien-img014.jpg>
Package pdftex.def Info: Kurzbiographien-img014.jpg used on input line 875.
(pdftex.def)             Requested size: 113.78172pt x 157.82695pt.
Package babel Info: Redefining ngerman shorthand "|
(babel)             in language append on input line 902.
Package babel Info: Redefining ngerman shorthand "~
(babel)             in language append on input line 902.
Package babel Info: Redefining ngerman shorthand "|
(babel)             in language append on input line 902.
Package babel Info: Redefining ngerman shorthand "~
(babel)             in language append on input line 902.
 [16 <./Kurzbiographien-img014.jpg>]
Overfull \hbox (29.43362pt too wide) in paragraph at lines 910--911
[][]$\T1/cmtt/m/n/10 https : / / en . wikipedia . org / wiki / Friedrich _ Gutm
ann # /media / File : Friedrich _ Bernhard _ Eugen _ Gutmann _
 []

<Kurzbiographien-img015.jpg, id=140, 185.69376pt x 252.945pt>
File: Kurzbiographien-img015.jpg Graphic file (type jpg)

<use Kurzbiographien-img015.jpg>
Package pdftex.def Info: Kurzbiographien-img015.jpg used on input line 918.
(pdftex.def)             Requested size: 113.78304pt x 155.26884pt.
Package babel Info: Redefining ngerman shorthand "|
(babel)             in language append on input line 958.
Package babel Info: Redefining ngerman shorthand "~
(babel)             in language append on input line 958.
Package babel Info: Redefining ngerman shorthand "|
(babel)             in language append on input line 958.
Package babel Info: Redefining ngerman shorthand "~
(babel)             in language append on input line 958.
 [17 <./Kurzbiographien-img015.jpg>]
<Kurzbiographien-img016.jpg, id=151, 220.825pt x 312.16624pt>
File: Kurzbiographien-img016.jpg Graphic file (type jpg)

<use Kurzbiographien-img016.jpg>
Package pdftex.def Info: Kurzbiographien-img016.jpg used on input line 998.
(pdftex.def)             Requested size: 113.78172pt x 160.70311pt.


LaTeX Warning: `h' float specifier changed to `ht'.

Package babel Info: Redefining ngerman shorthand "|
(babel)             in language append on input line 1035.
Package babel Info: Redefining ngerman shorthand "~
(babel)             in language append on input line 1035.
Package babel Info: Redefining ngerman shorthand "|
(babel)             in language append on input line 1035.
Package babel Info: Redefining ngerman shorthand "~
(babel)             in language append on input line 1035.
[18]
Overfull \hbox (33.51819pt too wide) in paragraph at lines 1036--1038
[]\T1/cmr/m/n/10 https://www.holocaust.cz/de/opferdatenbank/opfer/96946-franz-k
ahn/ ; []$\T1/cmtt/m/n/10 https : / / www . jewishvirtuallibrary .
 []

<Kurzbiographien-img017.jpg, id=160, 220.825pt x 313.17pt>
File: Kurzbiographien-img017.jpg Graphic file (type jpg)

<use Kurzbiographien-img017.jpg>
Package pdftex.def Info: Kurzbiographien-img017.jpg used on input line 1053.
(pdftex.def)             Requested size: 113.78172pt x 161.55432pt.


LaTeX Warning: `h' float specifier changed to `ht'.

Package babel Info: Redefining ngerman shorthand "|
(babel)             in language append on input line 1095.
Package babel Info: Redefining ngerman shorthand "~
(babel)             in language append on input line 1095.
Package babel Info: Redefining ngerman shorthand "|
(babel)             in language append on input line 1095.
Package babel Info: Redefining ngerman shorthand "~
(babel)             in language append on input line 1095.
[19 <./Kurzbiographien-img016.jpg>]
Overfull \hbox (375.83124pt too wide) in paragraph at lines 1131--1134
\T1/cmr/m/n/10 vor dem Volks-ge-richt Li-tom¥°i-ce, Ar-chiv des tsche-chi-schen
 In-nen-mi-nis-te-ri-ums. ; htt-ps://collections.jewishmuseum.cz/index.php/Brow
se/modifyCriteria/facet/people_facet/id/22733/mod_id/0 
 []

Package babel Info: Redefining ngerman shorthand "|
(babel)             in language append on input line 1143.
Package babel Info: Redefining ngerman shorthand "~
(babel)             in language append on input line 1143.
Package babel Info: Redefining ngerman shorthand "|
(babel)             in language append on input line 1143.
Package babel Info: Redefining ngerman shorthand "~
(babel)             in language append on input line 1143.
[20 <./Kurzbiographien-img017.jpg>]
<Kurzbiographien-img018.jpg, id=178, 202.7575pt x 279.0425pt>
File: Kurzbiographien-img018.jpg Graphic file (type jpg)

<use Kurzbiographien-img018.jpg>
Package pdftex.def Info: Kurzbiographien-img018.jpg used on input line 1217.
(pdftex.def)             Requested size: 113.78474pt x 156.74812pt.


LaTeX Warning: `h' float specifier changed to `ht'.

Package babel Info: Redefining ngerman shorthand "|
(babel)             in language append on input line 1241.
Package babel Info: Redefining ngerman shorthand "~
(babel)             in language append on input line 1241.
Package babel Info: Redefining ngerman shorthand "|
(babel)             in language append on input line 1241.
Package babel Info: Redefining ngerman shorthand "~
(babel)             in language append on input line 1241.
[21]
Overfull \hbox (27.15887pt too wide) in paragraph at lines 1249--1251
[][]$\T1/cmtt/m/n/10 https : / / www . holocaust . cz / de / opferdatenbank / o
pfer / 108575-[]robert-[]mandler/$[] \T1/cmr/m/n/10 ; []$\T1/cmtt/m/n/10 https 
: / / web . archive .
 []

<Kurzbiographien-img019.jpg, id=188, 532.99126pt x 805.0075pt>
File: Kurzbiographien-img019.jpg Graphic file (type jpg)

<use Kurzbiographien-img019.jpg>
Package pdftex.def Info: Kurzbiographien-img019.jpg used on input line 1266.
(pdftex.def)             Requested size: 113.7776pt x 171.79576pt.


LaTeX Warning: `h' float specifier changed to `ht'.

Package babel Info: Redefining ngerman shorthand "|
(babel)             in language append on input line 1294.
Package babel Info: Redefining ngerman shorthand "~
(babel)             in language append on input line 1294.
Package babel Info: Redefining ngerman shorthand "|
(babel)             in language append on input line 1294.
Package babel Info: Redefining ngerman shorthand "~
(babel)             in language append on input line 1294.
[22 <./Kurzbiographien-img018.jpg>]
Overfull \hbox (7.2446pt too wide) in paragraph at lines 1318--1319
[][]\T1/cmr/m/n/10 https://upload.wikimedia.org/wikipedia/commons/0/01/Carl_Mei
nhard_%28BerlLeben_1908-09%29.jpg[] 
 []

<Kurzbiographien-img020.jpg, id=196, 73.27374pt x 98.3675pt>
File: Kurzbiographien-img020.jpg Graphic file (type jpg)

<use Kurzbiographien-img020.jpg>
Package pdftex.def Info: Kurzbiographien-img020.jpg used on input line 1326.
(pdftex.def)             Requested size: 113.78217pt x 152.74718pt.


LaTeX Warning: `h' float specifier changed to `ht'.

Package babel Info: Redefining ngerman shorthand "|
(babel)             in language append on input line 1351.
Package babel Info: Redefining ngerman shorthand "~
(babel)             in language append on input line 1351.
Package babel Info: Redefining ngerman shorthand "|
(babel)             in language append on input line 1351.
Package babel Info: Redefining ngerman shorthand "~
(babel)             in language append on input line 1351.
[23 <./Kurzbiographien-img019.jpg>]
<Kurzbiographien-img021.jpg, id=204, 135.50626pt x 197.73875pt>
File: Kurzbiographien-img021.jpg Graphic file (type jpg)

<use Kurzbiographien-img021.jpg>
Package pdftex.def Info: Kurzbiographien-img021.jpg used on input line 1392.
(pdftex.def)             Requested size: 113.78517pt x 166.10846pt.


LaTeX Warning: `h' float specifier changed to `ht'.

Package babel Info: Redefining ngerman shorthand "|
(babel)             in language append on input line 1410.
Package babel Info: Redefining ngerman shorthand "~
(babel)             in language append on input line 1410.
Package babel Info: Redefining ngerman shorthand "|
(babel)             in language append on input line 1410.
Package babel Info: Redefining ngerman shorthand "~
(babel)             in language append on input line 1410.
[24 <./Kurzbiographien-img020.jpg>]
<Kurzbiographien-img022.jpg, id=212, 127.47626pt x 194.7275pt>
File: Kurzbiographien-img022.jpg Graphic file (type jpg)

<use Kurzbiographien-img022.jpg>
Package pdftex.def Info: Kurzbiographien-img022.jpg used on input line 1434.
(pdftex.def)             Requested size: 113.78806pt x 173.7942pt.
Package babel Info: Redefining ngerman shorthand "|
(babel)             in language append on input line 1446.
Package babel Info: Redefining ngerman shorthand "~
(babel)             in language append on input line 1446.
Package babel Info: Redefining ngerman shorthand "|
(babel)             in language append on input line 1446.
Package babel Info: Redefining ngerman shorthand "~
(babel)             in language append on input line 1446.
 [25 <./Kurzbiographien-img021.jpg> <./Kurzbiographien-img022.jpg>]
<Kurzbiographien-img023.jpg, id=220, 131.49126pt x 195.73125pt>
File: Kurzbiographien-img023.jpg Graphic file (type jpg)

<use Kurzbiographien-img023.jpg>
Package pdftex.def Info: Kurzbiographien-img023.jpg used on input line 1461.
(pdftex.def)             Requested size: 113.78651pt x 169.24246pt.
Package babel Info: Redefining ngerman shorthand "|
(babel)             in language append on input line 1497.
Package babel Info: Redefining ngerman shorthand "~
(babel)             in language append on input line 1497.
Package babel Info: Redefining ngerman shorthand "|
(babel)             in language append on input line 1497.
Package babel Info: Redefining ngerman shorthand "~
(babel)             in language append on input line 1497.
 [26 <./Kurzbiographien-img023.jpg>]
Overfull \hbox (3.51213pt too wide) in paragraph at lines 1506--1508
[]\T1/cmr/m/n/10 Astrid Meh-mel: Do-ra Phil-ipp-son. In: 100 Jah-re Frau-en-stu
-di-um: Frau-en der Rhei-ni-schen Friedrich-Wilhelms-
 []

<Kurzbiographien-img024.jpg, id=228, 265.99374pt x 252.945pt>
File: Kurzbiographien-img024.jpg Graphic file (type jpg)

<use Kurzbiographien-img024.jpg>
Package pdftex.def Info: Kurzbiographien-img024.jpg used on input line 1544.
(pdftex.def)             Requested size: 113.77844pt x 108.06563pt.


LaTeX Warning: `h' float specifier changed to `ht'.

Package babel Info: Redefining ngerman shorthand "|
(babel)             in language append on input line 1573.
Package babel Info: Redefining ngerman shorthand "~
(babel)             in language append on input line 1573.
Package babel Info: Redefining ngerman shorthand "|
(babel)             in language append on input line 1573.
Package babel Info: Redefining ngerman shorthand "~
(babel)             in language append on input line 1573.
[27] <Kurzbiographien-img025.jpg, id=236, 132.495pt x 189.70876pt>
File: Kurzbiographien-img025.jpg Graphic file (type jpg)

<use Kurzbiographien-img025.jpg>
Package pdftex.def Info: Kurzbiographien-img025.jpg used on input line 1592.
(pdftex.def)             Requested size: 113.78374pt x 163.00739pt.
Package babel Info: Redefining ngerman shorthand "|
(babel)             in language append on input line 1605.
Package babel Info: Redefining ngerman shorthand "~
(babel)             in language append on input line 1605.
Package babel Info: Redefining ngerman shorthand "|
(babel)             in language append on input line 1605.
Package babel Info: Redefining ngerman shorthand "~
(babel)             in language append on input line 1605.
 [28 <./Kurzbiographien-img024.jpg> <./Kurzbiographien-img025.jpg>]
<Kurzbiographien-img026.jpg, id=243, 118.4425pt x 179.67125pt>
File: Kurzbiographien-img026.jpg Graphic file (type jpg)

<use Kurzbiographien-img026.jpg>
Package pdftex.def Info: Kurzbiographien-img026.jpg used on input line 1620.
(pdftex.def)             Requested size: 113.78482pt x 172.6661pt.

<Kurzbiographien-img027.jpg, id=247, 708.6475pt x 944.52875pt>
File: Kurzbiographien-img027.jpg Graphic file (type jpg)

<use Kurzbiographien-img027.jpg>
Package pdftex.def Info: Kurzbiographien-img027.jpg used on input line 1663.
(pdftex.def)             Requested size: 113.77518pt x 151.87712pt.


LaTeX Warning: `h' float specifier changed to `ht'.

Package babel Info: Redefining ngerman shorthand "|
(babel)             in language append on input line 1674.
Package babel Info: Redefining ngerman shorthand "~
(babel)             in language append on input line 1674.
Package babel Info: Redefining ngerman shorthand "|
(babel)             in language append on input line 1674.
Package babel Info: Redefining ngerman shorthand "~
(babel)             in language append on input line 1674.
[29 <./Kurzbiographien-img026.jpg>]
Package babel Info: Redefining ngerman shorthand "|
(babel)             in language append on input line 1706.
Package babel Info: Redefining ngerman shorthand "~
(babel)             in language append on input line 1706.
Package babel Info: Redefining ngerman shorthand "|
(babel)             in language append on input line 1706.
Package babel Info: Redefining ngerman shorthand "~
(babel)             in language append on input line 1706.
 [30 <./Kurzbiographien-img027.jpg>]
<Kurzbiographien-img028.jpg, id=260, 132.495pt x 195.73125pt>
File: Kurzbiographien-img028.jpg Graphic file (type jpg)

<use Kurzbiographien-img028.jpg>
Package pdftex.def Info: Kurzbiographien-img028.jpg used on input line 1735.
(pdftex.def)             Requested size: 113.78374pt x 168.13742pt.
Package babel Info: Redefining ngerman shorthand "|
(babel)             in language append on input line 1759.
Package babel Info: Redefining ngerman shorthand "~
(babel)             in language append on input line 1759.
Package babel Info: Redefining ngerman shorthand "|
(babel)             in language append on input line 1759.
Package babel Info: Redefining ngerman shorthand "~
(babel)             in language append on input line 1759.
 [31 <./Kurzbiographien-img028.jpg>]
Overfull \hbox (0.69952pt too wide) in paragraph at lines 1779--1781
[]\T1/cmr/m/n/10 Georg Men-de: Emil Utitz zum Ge-den-ken; in: Wis-sen-schaft-li
-che Zeit-schrift der Friedrich-Schiller-Universität
 []


Overfull \hbox (17.28381pt too wide) in paragraph at lines 1781--1783
\T1/cmr/m/n/10 schrift der Wilhelm-Pieck-Universität Ro-stock (Gesellschafts- u
nd Sprach-wis-sen-schaft-li-che Rei-he) 20(1971)3/4,
 []

<Kurzbiographien-img029.jpg, id=269, 133.49875pt x 197.73875pt>
File: Kurzbiographien-img029.jpg Graphic file (type jpg)

<use Kurzbiographien-img029.jpg>
Package pdftex.def Info: Kurzbiographien-img029.jpg used on input line 1819.
(pdftex.def)             Requested size: 113.78612pt x 168.38347pt.


LaTeX Warning: `h' float specifier changed to `ht'.

Package babel Info: Redefining ngerman shorthand "|
(babel)             in language append on input line 1827.
Package babel Info: Redefining ngerman shorthand "~
(babel)             in language append on input line 1827.
Package babel Info: Redefining ngerman shorthand "|
(babel)             in language append on input line 1827.
Package babel Info: Redefining ngerman shorthand "~
(babel)             in language append on input line 1827.
[32] <Kurzbiographien-img030.jpg, id=278, 124.465pt x 182.6825pt>
File: Kurzbiographien-img030.jpg Graphic file (type jpg)

<use Kurzbiographien-img030.jpg>
Package pdftex.def Info: Kurzbiographien-img030.jpg used on input line 1858.
(pdftex.def)             Requested size: 113.78369pt x 167.28384pt.


LaTeX Warning: `h' float specifier changed to `ht'.

<Kurzbiographien-img031.jpg, id=282, 131.49126pt x 194.7275pt>
File: Kurzbiographien-img031.jpg Graphic file (type jpg)

<use Kurzbiographien-img031.jpg>
Package pdftex.def Info: Kurzbiographien-img031.jpg used on input line 1889.
(pdftex.def)             Requested size: 113.78651pt x 168.13388pt.
Package babel Info: Redefining ngerman shorthand "|
(babel)             in language append on input line 1890.
Package babel Info: Redefining ngerman shorthand "~
(babel)             in language append on input line 1890.
Package babel Info: Redefining ngerman shorthand "|
(babel)             in language append on input line 1890.
Package babel Info: Redefining ngerman shorthand "~
(babel)             in language append on input line 1890.
 [33 <./Kurzbiographien-img029.jpg>]
Package babel Info: Redefining ngerman shorthand "|
(babel)             in language append on input line 1910.
Package babel Info: Redefining ngerman shorthand "~
(babel)             in language append on input line 1910.
Package babel Info: Redefining ngerman shorthand "|
(babel)             in language append on input line 1910.
Package babel Info: Redefining ngerman shorthand "~
(babel)             in language append on input line 1910.
 [34 <./Kurzbiographien-img030.jpg> <./Kurzbiographien-img031.jpg>]
<Kurzbiographien-img032.png, id=295, 134.5025pt x 192.72pt>
File: Kurzbiographien-img032.png Graphic file (type png)

<use Kurzbiographien-img032.png>
Package pdftex.def Info: Kurzbiographien-img032.png used on input line 1936.
(pdftex.def)             Requested size: 113.78377pt x 162.72177pt.
Package babel Info: Redefining ngerman shorthand "|
(babel)             in language append on input line 1964.
Package babel Info: Redefining ngerman shorthand "~
(babel)             in language append on input line 1964.
Package babel Info: Redefining ngerman shorthand "|
(babel)             in language append on input line 1964.
Package babel Info: Redefining ngerman shorthand "~
(babel)             in language append on input line 1964.
 [35 <./Kurzbiographien-img032.png>]
<Kurzbiographien-img033.jpg, id=304, 202.7575pt x 301.125pt>
File: Kurzbiographien-img033.jpg Graphic file (type jpg)

<use Kurzbiographien-img033.jpg>
Package pdftex.def Info: Kurzbiographien-img033.jpg used on input line 2019.
(pdftex.def)             Requested size: 113.78474pt x 169.23994pt.


LaTeX Warning: `h' float specifier changed to `ht'.

Package babel Info: Redefining ngerman shorthand "|
(babel)             in language append on input line 2039.
Package babel Info: Redefining ngerman shorthand "~
(babel)             in language append on input line 2039.
Package babel Info: Redefining ngerman shorthand "|
(babel)             in language append on input line 2039.
Package babel Info: Redefining ngerman shorthand "~
(babel)             in language append on input line 2039.
[36] <Kurzbiographien-img034.jpg, id=312, 1663.21375pt x 1204.5pt>
File: Kurzbiographien-img034.jpg Graphic file (type jpg)

<use Kurzbiographien-img034.jpg>
Package pdftex.def Info: Kurzbiographien-img034.jpg used on input line 2068.
(pdftex.def)             Requested size: 113.77211pt x 82.44893pt.
Package babel Info: Redefining ngerman shorthand "|
(babel)             in language append on input line 2078.
Package babel Info: Redefining ngerman shorthand "~
(babel)             in language append on input line 2078.
Package babel Info: Redefining ngerman shorthand "|
(babel)             in language append on input line 2078.
Package babel Info: Redefining ngerman shorthand "~
(babel)             in language append on input line 2078.
 [37 <./Kurzbiographien-img033.jpg> <./Kurzbiographien-img034.jpg>] <Kurzbiogra
phien-img035.jpg, id=319, 200.75pt x 200.75pt>
File: Kurzbiographien-img035.jpg Graphic file (type jpg)

<use Kurzbiographien-img035.jpg>
Package pdftex.def Info: Kurzbiographien-img035.jpg used on input line 2090.
(pdftex.def)             Requested size: 113.7854pt x 113.7854pt.

Overfull \hbox (8.43875pt too wide) in paragraph at lines 2113--2114
[][]$\T1/cmtt/m/n/10 https : / / www . kvinfo . dk / side / 597 / bio / 895 / %
20Original % 20Lin % 20http : / / www . kvinfo . dk / side / 597 /
 []


Overfull \hbox (14.49506pt too wide) in paragraph at lines 2125--2127
[]\T1/cmr/m/n/10 https://visualisations.ehri-project.eu/items/show/33 ; []$\T1/
cmtt/m/n/10 https : / / collections . ushmm . org / search / catalog /
 []

File: Kurzbiographien-img034.jpg Graphic file (type jpg)
<use Kurzbiographien-img034.jpg>
Package pdftex.def Info: Kurzbiographien-img034.jpg used on input line 2133.
(pdftex.def)             Requested size: 113.77211pt x 82.13649pt.


LaTeX Warning: `h' float specifier changed to `ht'.

Package babel Info: Redefining ngerman shorthand "|
(babel)             in language append on input line 2155.
Package babel Info: Redefining ngerman shorthand "~
(babel)             in language append on input line 2155.
Package babel Info: Redefining ngerman shorthand "|
(babel)             in language append on input line 2155.
Package babel Info: Redefining ngerman shorthand "~
(babel)             in language append on input line 2155.
[38 <./Kurzbiographien-img035.jpg>]
<Kurzbiographien-img036.jpg, id=332, 772.8875pt x 1117.17375pt>
File: Kurzbiographien-img036.jpg Graphic file (type jpg)

<use Kurzbiographien-img036.jpg>
Package pdftex.def Info: Kurzbiographien-img036.jpg used on input line 2163.
(pdftex.def)             Requested size: 113.78174pt x 164.41519pt.
Package babel Info: Redefining ngerman shorthand "|
(babel)             in language append on input line 2185.
Package babel Info: Redefining ngerman shorthand "~
(babel)             in language append on input line 2185.
Package babel Info: Redefining ngerman shorthand "|
(babel)             in language append on input line 2185.
Package babel Info: Redefining ngerman shorthand "~
(babel)             in language append on input line 2185.
 [39 <./Kurzbiographien-img036.jpg>]
<Kurzbiographien-img037.jpg, id=342, 138.5175pt x 196.735pt>
File: Kurzbiographien-img037.jpg Graphic file (type jpg)

<use Kurzbiographien-img037.jpg>
Package pdftex.def Info: Kurzbiographien-img037.jpg used on input line 2213.
(pdftex.def)             Requested size: 113.78163pt x 161.87007pt.

Overfull \hbox (27.6849pt too wide) in paragraph at lines 2229--2230
[][]$\T1/cmtt/m/n/10 https : / / shop . editionblaes . de / produkt / briefe-[]
und-[]aufzeichnungen-[]von-[]else-[]graefin-[]von-[]schlitz/$[] 
 []

<Kurzbiographien-img038.jpg, id=346, 118.4425pt x 180.675pt>
File: Kurzbiographien-img038.jpg Graphic file (type jpg)

<use Kurzbiographien-img038.jpg>
Package pdftex.def Info: Kurzbiographien-img038.jpg used on input line 2253.
(pdftex.def)             Requested size: 113.78482pt x 173.50667pt.


LaTeX Warning: `h' float specifier changed to `ht'.

Package babel Info: Redefining ngerman shorthand "|
(babel)             in language append on input line 2259.
Package babel Info: Redefining ngerman shorthand "~
(babel)             in language append on input line 2259.
Package babel Info: Redefining ngerman shorthand "|
(babel)             in language append on input line 2259.
Package babel Info: Redefining ngerman shorthand "~
(babel)             in language append on input line 2259.
[40 <./Kurzbiographien-img037.jpg>]
Overfull \hbox (100.16696pt too wide) in paragraph at lines 2278--2279
[][]$\T1/cmtt/m/n/10 https : / / www . welt . de / welt _ print / kultur / lite
ratur / article5950928 / Der-[]Feldmarschall-[]hat-[]zwei-[]Kugeln-[]bekommen .

 []

<Kurzbiographien-img039.jpg, id=355, 117.43875pt x 178.6675pt>
File: Kurzbiographien-img039.jpg Graphic file (type jpg)

<use Kurzbiographien-img039.jpg>
Package pdftex.def Info: Kurzbiographien-img039.jpg used on input line 2295.
(pdftex.def)             Requested size: 113.78282pt x 172.94466pt.


LaTeX Warning: `h' float specifier changed to `ht'.

Package babel Info: Redefining ngerman shorthand "|
(babel)             in language append on input line 2319.
Package babel Info: Redefining ngerman shorthand "~
(babel)             in language append on input line 2319.
Package babel Info: Redefining ngerman shorthand "|
(babel)             in language append on input line 2319.
Package babel Info: Redefining ngerman shorthand "~
(babel)             in language append on input line 2319.
[41 <./Kurzbiographien-img038.jpg>]
<Kurzbiographien-img040.jpg, id=364, 120.45pt x 179.67125pt>
File: Kurzbiographien-img040.jpg Graphic file (type jpg)

<use Kurzbiographien-img040.jpg>
Package pdftex.def Info: Kurzbiographien-img040.jpg used on input line 2326.
(pdftex.def)             Requested size: 113.7854pt x 169.53525pt.
Package babel Info: Redefining ngerman shorthand "|
(babel)             in language append on input line 2344.
Package babel Info: Redefining ngerman shorthand "~
(babel)             in language append on input line 2344.
Package babel Info: Redefining ngerman shorthand "|
(babel)             in language append on input line 2344.
Package babel Info: Redefining ngerman shorthand "~
(babel)             in language append on input line 2344.
 [42 <./Kurzbiographien-img039.jpg> <./Kurzbiographien-img040.jpg>]
<Kurzbiographien-img041.jpg, id=372, 144.54pt x 187.70125pt>
File: Kurzbiographien-img041.jpg Graphic file (type jpg)

<use Kurzbiographien-img041.jpg>
Package pdftex.def Info: Kurzbiographien-img041.jpg used on input line 2385.
(pdftex.def)             Requested size: 113.78172pt x 147.91002pt.
Package babel Info: Redefining ngerman shorthand "|
(babel)             in language append on input line 2400.
Package babel Info: Redefining ngerman shorthand "~
(babel)             in language append on input line 2400.
Package babel Info: Redefining ngerman shorthand "|
(babel)             in language append on input line 2400.
Package babel Info: Redefining ngerman shorthand "~
(babel)             in language append on input line 2400.
 [43 <./Kurzbiographien-img041.jpg>]
Overfull \hbox (430.32184pt too wide) in paragraph at lines 2451--2452
[][]\T1/cmr/m/n/10 https://upload.wikimedia.org/wikipedia/commons/5/5a/Hermann_
Strau%C3%9F_%28%2A_28._April_1868_in_Heilbronn%3B_%E2%80%A0_17._Oktober_1944_im
_KZ_Theresienstadt%29.JPG[] 
 []

<Kurzbiographien-img042.jpg, id=382, 120.45pt x 182.6825pt>
File: Kurzbiographien-img042.jpg Graphic file (type jpg)

<use Kurzbiographien-img042.jpg>
Package pdftex.def Info: Kurzbiographien-img042.jpg used on input line 2458.
(pdftex.def)             Requested size: 113.7854pt x 172.4017pt.


LaTeX Warning: `h' float specifier changed to `ht'.

<Kurzbiographien-img043.jpg, id=386, 123.46124pt x 183.68625pt>
File: Kurzbiographien-img043.jpg Graphic file (type jpg)

<use Kurzbiographien-img043.jpg>
Package pdftex.def Info: Kurzbiographien-img043.jpg used on input line 2490.
(pdftex.def)             Requested size: 113.78915pt x 169.24562pt.
Package babel Info: Redefining ngerman shorthand "|
(babel)             in language append on input line 2491.
Package babel Info: Redefining ngerman shorthand "~
(babel)             in language append on input line 2491.
Package babel Info: Redefining ngerman shorthand "|
(babel)             in language append on input line 2491.
Package babel Info: Redefining ngerman shorthand "~
(babel)             in language append on input line 2491.
 [44]
Package babel Info: Redefining ngerman shorthand "|
(babel)             in language append on input line 2513.
Package babel Info: Redefining ngerman shorthand "~
(babel)             in language append on input line 2513.
Package babel Info: Redefining ngerman shorthand "|
(babel)             in language append on input line 2513.
Package babel Info: Redefining ngerman shorthand "~
(babel)             in language append on input line 2513.
 [45 <./Kurzbiographien-img042.jpg> <./Kurzbiographien-img043.jpg>]
<Kurzbiographien-img044.jpg, id=398, 121.45375pt x 176.66pt>
File: Kurzbiographien-img044.jpg Graphic file (type jpg)

<use Kurzbiographien-img044.jpg>
Package pdftex.def Info: Kurzbiographien-img044.jpg used on input line 2543.
(pdftex.def)             Requested size: 113.78104pt x 165.8259pt.
Package babel Info: Redefining ngerman shorthand "|
(babel)             in language append on input line 2581.
Package babel Info: Redefining ngerman shorthand "~
(babel)             in language append on input line 2581.
Package babel Info: Redefining ngerman shorthand "|
(babel)             in language append on input line 2581.
Package babel Info: Redefining ngerman shorthand "~
(babel)             in language append on input line 2581.
 [46 <./Kurzbiographien-img044.jpg>]
<Kurzbiographien-img045.jpg, id=406, 118.4425pt x 181.67876pt>
File: Kurzbiographien-img045.jpg Graphic file (type jpg)

<use Kurzbiographien-img045.jpg>
Package pdftex.def Info: Kurzbiographien-img045.jpg used on input line 2588.
(pdftex.def)             Requested size: 113.78482pt x 174.64525pt.

Overfull \hbox (45.67978pt too wide) in paragraph at lines 2650--2651
[][]$\T1/cmtt/m/n/10 https : / / books . google . de / books ? id = yh-[] _ DwA
AQBAJ & pg = PT30 & lpg = PT30 & dq = springer + erich + theresienstadt &
 []


Overfull \hbox (218.88748pt too wide) in paragraph at lines 2650--2651
\T1/cmtt/m/n/10 source = bl & ots = Fdj-[]ZD0MVN & sig = ACfU3U17FkWISPTY9yFD5j
wgPakRrstsog & hl = de & sa = X & ved = 2ahUKEwjgoZeK2aDtAhVPqaQKHa6WCOM4FBDoAT
ABegQIAhAC #
 []

Package babel Info: Redefining ngerman shorthand "|
(babel)             in language append on input line 2651.
Package babel Info: Redefining ngerman shorthand "~
(babel)             in language append on input line 2651.
Package babel Info: Redefining ngerman shorthand "|
(babel)             in language append on input line 2651.
Package babel Info: Redefining ngerman shorthand "~
(babel)             in language append on input line 2651.
[47 <./Kurzbiographien-img045.jpg>]
Package atveryend Info: Empty hook `BeforeClearDocument' on input line 2670.
Package babel Info: Redefining ngerman shorthand "|
(babel)             in language append on input line 2670.
Package babel Info: Redefining ngerman shorthand "~
(babel)             in language append on input line 2670.
Package babel Info: Redefining ngerman shorthand "|
(babel)             in language append on input line 2670.
Package babel Info: Redefining ngerman shorthand "~
(babel)             in language append on input line 2670.
 [48]
Package atveryend Info: Empty hook `AfterLastShipout' on input line 2670.
 (./Kurzbiographien.aux)
Package atveryend Info: Executing hook `AtVeryEndDocument' on input line 2670.
Package atveryend Info: Executing hook `AtEndAfterFileList' on input line 2670.



Package rerunfilecheck Warning: File `Kurzbiographien.out' has changed.
(rerunfilecheck)                Rerun to get outlines right
(rerunfilecheck)                or use package `bookmark'.

Package rerunfilecheck Info: Checksums for `Kurzbiographien.out':
(rerunfilecheck)             Before: <no file>
(rerunfilecheck)             After:  D41D8CD98F00B204E9800998ECF8427E;0.
 ) 
Here is how much of TeX's memory you used:
 11754 strings out of 493029
 213804 string characters out of 6136233
 314758 words of memory out of 5000000
 15056 multiletter control sequences out of 15000+600000
 8212 words of font info for 27 fonts, out of 8000000 for 9000
 1141 hyphenation exceptions out of 8191
 41i,12n,50p,878b,493s stack positions out of 5000i,500n,10000p,200000b,80000s
{/home/abb/texmf/fonts/enc/dvips/cm-super/cm-super-t1.enc}{/home/abb/texmf/fo
nts/enc/dvips/cm-super/cm-super-ts1.enc}</home/abb/texmf/fonts/type1/public/cm-
super/sfbx1000.pfb></home/abb/texmf/fonts/type1/public/cm-super/sfrm1000.pfb></
home/abb/texmf/fonts/type1/public/cm-super/sfti1000.pfb></home/abb/texmf/fonts/
type1/public/cm-super/sftt1000.pfb>
Output written on Kurzbiographien.pdf (48 pages, 1116261 bytes).
PDF statistics:
 458 PDF objects out of 1000 (max. 8388607)
 354 compressed objects within 4 object streams
 49 named destinations out of 1000 (max. 500000)
 226 words of extra memory for PDF output out of 10000 (max. 10000000)

